<?xml version="1.0" encoding="ISO-8859-1" ?>
<link_info>
   <banner>TMS320C2000 Linker PC v25.11.0.LTS</banner>
   <copyright>Copyright (c) 1996-2018 Texas Instruments Incorporated</copyright>
   <command_line>C:\ti\ccs2051\ccs\tools\compiler\ti-cgt-c2000_25.11.0.LTS\bin\lnk2000.exe -lC:\\Users\\90541\\AppData\\Local\\Temp\\{DE917179-8403-4514-A6E5-6064F43A601C}</command_line>
   <link_time>0x6a75d87b</link_time>
   <link_errors>0x0</link_errors>
   <output_file>C:\Users\90541\workspace_ccstheia\Charger_Firmware_v1.1\CPU1_RAM\Charger_Firmware_v1.1.out</output_file>
   <entry_point>
      <name>code_start</name>
      <address>0x0</address>
   </entry_point>
   <input_file_list>
      <input_file id="fl-2">
         <path>C:\Users\90541\workspace_ccstheia\Charger_Firmware_v1.1\CPU1_RAM\.\syscfg\</path>
         <kind>object</kind>
         <file>board.obj</file>
         <name>board.obj</name>
      </input_file>
      <input_file id="fl-3">
         <path>C:\Users\90541\workspace_ccstheia\Charger_Firmware_v1.1\CPU1_RAM\.\syscfg\</path>
         <kind>object</kind>
         <file>c2000ware_libraries.obj</file>
         <name>c2000ware_libraries.obj</name>
      </input_file>
      <input_file id="fl-4">
         <path>C:\Users\90541\workspace_ccstheia\Charger_Firmware_v1.1\CPU1_RAM\.\</path>
         <kind>object</kind>
         <file>main.obj</file>
         <name>main.obj</name>
      </input_file>
      <input_file id="fl-5">
         <path>C:\Users\90541\workspace_ccstheia\Charger_Firmware_v1.1\CPU1_RAM\.\dcdc-control\</path>
         <kind>object</kind>
         <file>dcdc_control.obj</file>
         <name>dcdc_control.obj</name>
      </input_file>
      <input_file id="fl-6">
         <path>C:\Users\90541\workspace_ccstheia\Charger_Firmware_v1.1\CPU1_RAM\.\device\</path>
         <kind>object</kind>
         <file>device.obj</file>
         <name>device.obj</name>
      </input_file>
      <input_file id="fl-7">
         <path>C:\Users\90541\workspace_ccstheia\Charger_Firmware_v1.1\CPU1_RAM\.\device\</path>
         <kind>object</kind>
         <file>f28004x_codestartbranch.obj</file>
         <name>f28004x_codestartbranch.obj</name>
      </input_file>
      <input_file id="fl-8">
         <path>C:\Users\90541\workspace_ccstheia\Charger_Firmware_v1.1\CPU1_RAM\.\error-hander\</path>
         <kind>object</kind>
         <file>error_handler.obj</file>
         <name>error_handler.obj</name>
      </input_file>
      <input_file id="fl-9">
         <path>C:\Users\90541\workspace_ccstheia\Charger_Firmware_v1.1\CPU1_RAM\.\hal\</path>
         <kind>object</kind>
         <file>pwm_driver.obj</file>
         <name>pwm_driver.obj</name>
      </input_file>
      <input_file id="fl-a">
         <path>C:\Users\90541\workspace_ccstheia\Charger_Firmware_v1.1\CPU1_RAM\.\pfc-control\</path>
         <kind>object</kind>
         <file>pfc_control.obj</file>
         <name>pfc_control.obj</name>
      </input_file>
      <input_file id="fl-b">
         <path>C:\Users\90541\workspace_ccstheia\Charger_Firmware_v1.1\CPU1_RAM\.\pid\</path>
         <kind>object</kind>
         <file>pid.obj</file>
         <name>pid.obj</name>
      </input_file>
      <input_file id="fl-c">
         <path>C:\Users\90541\workspace_ccstheia\Charger_Firmware_v1.1\CPU1_RAM\.\sogi-pll\</path>
         <kind>object</kind>
         <file>sogi_pll.obj</file>
         <name>sogi_pll.obj</name>
      </input_file>
      <input_file id="fl-d">
         <path>C:\Users\90541\workspace_ccstheia\Charger_Firmware_v1.1\CPU1_RAM\.\tests\adc_test\</path>
         <kind>object</kind>
         <file>adc_test.obj</file>
         <name>adc_test.obj</name>
      </input_file>
      <input_file id="fl-e">
         <path>C:\Users\90541\workspace_ccstheia\Charger_Firmware_v1.1\CPU1_RAM\.\tests\can_test\</path>
         <kind>object</kind>
         <file>can_test.obj</file>
         <name>can_test.obj</name>
      </input_file>
      <input_file id="fl-f">
         <path>C:\Users\90541\workspace_ccstheia\Charger_Firmware_v1.1\CPU1_RAM\.\tests\epwm_test\</path>
         <kind>object</kind>
         <file>epwm_test.obj</file>
         <name>epwm_test.obj</name>
      </input_file>
      <input_file id="fl-15">
         <path>C:\Users\90541\workspace_ccstheia\Charger_Firmware_v1.1\CPU1_RAM\</path>
         <kind>object</kind>
         <file>&lt;internal&gt;</file>
         <name>&lt;internal&gt;</name>
      </input_file>
      <input_file id="fl-19">
         <path>C:\ti\C2000Ware_5_04_00_00\driverlib\f28004x\driverlib\ccs\Debug\</path>
         <kind>archive</kind>
         <file>driverlib_eabi.lib</file>
         <name>adc.obj</name>
      </input_file>
      <input_file id="fl-1a">
         <path>C:\ti\C2000Ware_5_04_00_00\driverlib\f28004x\driverlib\ccs\Debug\</path>
         <kind>archive</kind>
         <file>driverlib_eabi.lib</file>
         <name>can.obj</name>
      </input_file>
      <input_file id="fl-1b">
         <path>C:\ti\C2000Ware_5_04_00_00\driverlib\f28004x\driverlib\ccs\Debug\</path>
         <kind>archive</kind>
         <file>driverlib_eabi.lib</file>
         <name>dcc.obj</name>
      </input_file>
      <input_file id="fl-1c">
         <path>C:\ti\C2000Ware_5_04_00_00\driverlib\f28004x\driverlib\ccs\Debug\</path>
         <kind>archive</kind>
         <file>driverlib_eabi.lib</file>
         <name>gpio.obj</name>
      </input_file>
      <input_file id="fl-1d">
         <path>C:\ti\C2000Ware_5_04_00_00\driverlib\f28004x\driverlib\ccs\Debug\</path>
         <kind>archive</kind>
         <file>driverlib_eabi.lib</file>
         <name>interrupt.obj</name>
      </input_file>
      <input_file id="fl-1e">
         <path>C:\ti\C2000Ware_5_04_00_00\driverlib\f28004x\driverlib\ccs\Debug\</path>
         <kind>archive</kind>
         <file>driverlib_eabi.lib</file>
         <name>sysctl.obj</name>
      </input_file>
      <input_file id="fl-2a">
         <path>C:\ti\ccs2051\ccs\tools\compiler\ti-cgt-c2000_25.11.0.LTS\lib\</path>
         <kind>archive</kind>
         <file>rts2800_fpu32_eabi.lib</file>
         <name>boot28.asm.obj</name>
      </input_file>
      <input_file id="fl-2b">
         <path>C:\ti\ccs2051\ccs\tools\compiler\ti-cgt-c2000_25.11.0.LTS\lib\</path>
         <kind>archive</kind>
         <file>rts2800_fpu32_eabi.lib</file>
         <name>fs_div28.asm.obj</name>
      </input_file>
      <input_file id="fl-2c">
         <path>C:\ti\ccs2051\ccs\tools\compiler\ti-cgt-c2000_25.11.0.LTS\lib\</path>
         <kind>archive</kind>
         <file>rts2800_fpu32_eabi.lib</file>
         <name>ll_cmp28.asm.obj</name>
      </input_file>
      <input_file id="fl-2d">
         <path>C:\ti\ccs2051\ccs\tools\compiler\ti-cgt-c2000_25.11.0.LTS\lib\</path>
         <kind>archive</kind>
         <file>rts2800_fpu32_eabi.lib</file>
         <name>u_div28.asm.obj</name>
      </input_file>
      <input_file id="fl-2e">
         <path>C:\ti\ccs2051\ccs\tools\compiler\ti-cgt-c2000_25.11.0.LTS\lib\</path>
         <kind>archive</kind>
         <file>rts2800_fpu32_eabi.lib</file>
         <name>fs_tofdfpu32.asm.obj</name>
      </input_file>
      <input_file id="fl-2f">
         <path>C:\ti\ccs2051\ccs\tools\compiler\ti-cgt-c2000_25.11.0.LTS\lib\</path>
         <kind>archive</kind>
         <file>rts2800_fpu32_eabi.lib</file>
         <name>fd_tofsfpu32.asm.obj</name>
      </input_file>
      <input_file id="fl-30">
         <path>C:\ti\ccs2051\ccs\tools\compiler\ti-cgt-c2000_25.11.0.LTS\lib\</path>
         <kind>archive</kind>
         <file>rts2800_fpu32_eabi.lib</file>
         <name>pre_init.c.obj</name>
      </input_file>
      <input_file id="fl-31">
         <path>C:\ti\ccs2051\ccs\tools\compiler\ti-cgt-c2000_25.11.0.LTS\lib\</path>
         <kind>archive</kind>
         <file>rts2800_fpu32_eabi.lib</file>
         <name>autoinit.c.obj</name>
      </input_file>
      <input_file id="fl-32">
         <path>C:\ti\ccs2051\ccs\tools\compiler\ti-cgt-c2000_25.11.0.LTS\lib\</path>
         <kind>archive</kind>
         <file>rts2800_fpu32_eabi.lib</file>
         <name>copy_zero_init.c.obj</name>
      </input_file>
      <input_file id="fl-33">
         <path>C:\ti\ccs2051\ccs\tools\compiler\ti-cgt-c2000_25.11.0.LTS\lib\</path>
         <kind>archive</kind>
         <file>rts2800_fpu32_eabi.lib</file>
         <name>copy_decompress_none.c.obj</name>
      </input_file>
      <input_file id="fl-34">
         <path>C:\ti\ccs2051\ccs\tools\compiler\ti-cgt-c2000_25.11.0.LTS\lib\</path>
         <kind>archive</kind>
         <file>rts2800_fpu32_eabi.lib</file>
         <name>copy_decompress_lzss.c.obj</name>
      </input_file>
      <input_file id="fl-35">
         <path>C:\ti\ccs2051\ccs\tools\compiler\ti-cgt-c2000_25.11.0.LTS\lib\</path>
         <kind>archive</kind>
         <file>rts2800_fpu32_eabi.lib</file>
         <name>exit.c.obj</name>
      </input_file>
      <input_file id="fl-36">
         <path>C:\ti\ccs2051\ccs\tools\compiler\ti-cgt-c2000_25.11.0.LTS\lib\</path>
         <kind>archive</kind>
         <file>rts2800_fpu32_eabi.lib</file>
         <name>_lock.c.obj</name>
      </input_file>
      <input_file id="fl-37">
         <path>C:\ti\ccs2051\ccs\tools\compiler\ti-cgt-c2000_25.11.0.LTS\lib\</path>
         <kind>archive</kind>
         <file>rts2800_fpu32_eabi.lib</file>
         <name>args_main.c.obj</name>
      </input_file>
      <input_file id="fl-38">
         <path>C:\ti\ccs2051\ccs\tools\compiler\ti-cgt-c2000_25.11.0.LTS\lib\</path>
         <kind>archive</kind>
         <file>rts2800_fpu32_eabi.lib</file>
         <name>memset.c.obj</name>
      </input_file>
      <input_file id="fl-39">
         <path>C:\ti\ccs2051\ccs\tools\compiler\ti-cgt-c2000_25.11.0.LTS\lib\</path>
         <kind>archive</kind>
         <file>rts2800_fpu32_eabi.lib</file>
         <name>cpy_tbl.c.obj</name>
      </input_file>
      <input_file id="fl-3a">
         <path>C:\ti\ccs2051\ccs\tools\compiler\ti-cgt-c2000_25.11.0.LTS\lib\</path>
         <kind>archive</kind>
         <file>rts2800_fpu32_eabi.lib</file>
         <name>memcpy.c.obj</name>
      </input_file>
      <input_file id="fl-3b">
         <path>C:\ti\ccs2051\ccs\tools\compiler\ti-cgt-c2000_25.11.0.LTS\lib\</path>
         <kind>archive</kind>
         <file>rts2800_fpu32_eabi.lib</file>
         <name>startup.c.obj</name>
      </input_file>
   </input_file_list>
   <object_component_list>
      <object_component id="oc-21">
         <name>codestart</name>
         <load_address>0x0</load_address>
         <readonly>true</readonly>
         <executable>true</executable>
         <run_address>0x0</run_address>
         <size>0x2</size>
         <alignment>0x1</alignment>
         <input_file_ref idref="fl-7"/>
      </object_component>
      <object_component id="oc-255">
         <name>.TI.ramfunc</name>
         <load_address>0xf6</load_address>
         <readonly>true</readonly>
         <executable>true</executable>
         <run_address>0xf6</run_address>
         <size>0x4</size>
         <alignment>0x1</alignment>
         <input_file_ref idref="fl-1e"/>
      </object_component>
      <object_component id="oc-1e2">
         <name>.text:EPWM_init</name>
         <load_address>0x8000</load_address>
         <readonly>true</readonly>
         <executable>true</executable>
         <run_address>0x8000</run_address>
         <size>0x42f</size>
         <alignment>0x1</alignment>
         <input_file_ref idref="fl-2"/>
      </object_component>
      <object_component id="oc-82">
         <name>.text:SOGI_PLL_Update</name>
         <load_address>0x842f</load_address>
         <readonly>true</readonly>
         <executable>true</executable>
         <run_address>0x842f</run_address>
         <size>0x287</size>
         <alignment>0x1</alignment>
         <input_file_ref idref="fl-c"/>
      </object_component>
      <object_component id="oc-d2">
         <name>.text:SOGI_PLL_Init</name>
         <load_address>0x86b6</load_address>
         <readonly>true</readonly>
         <executable>true</executable>
         <run_address>0x86b6</run_address>
         <size>0x142</size>
         <alignment>0x1</alignment>
         <input_file_ref idref="fl-c"/>
      </object_component>
      <object_component id="oc-1a">
         <name>.text:decompress:none</name>
         <load_address>0x87f8</load_address>
         <readonly>true</readonly>
         <executable>true</executable>
         <run_address>0x87f8</run_address>
         <size>0x8</size>
         <alignment>0x1</alignment>
         <input_file_ref idref="fl-33"/>
      </object_component>
      <object_component id="oc-14c">
         <name>.text:pid_compute</name>
         <load_address>0x8800</load_address>
         <readonly>true</readonly>
         <executable>true</executable>
         <run_address>0x8800</run_address>
         <size>0x19a</size>
         <alignment>0x1</alignment>
         <input_file_ref idref="fl-b"/>
      </object_component>
      <object_component id="oc-19c">
         <name>.text:Device_enableAllPeripherals</name>
         <load_address>0x899a</load_address>
         <readonly>true</readonly>
         <executable>true</executable>
         <run_address>0x899a</run_address>
         <size>0xe0</size>
         <alignment>0x1</alignment>
         <input_file_ref idref="fl-6"/>
      </object_component>
      <object_component id="oc-44a">
         <name>.text:CAN_setupMessageObject</name>
         <load_address>0x8a7a</load_address>
         <readonly>true</readonly>
         <executable>true</executable>
         <run_address>0x8a7a</run_address>
         <size>0xdb</size>
         <alignment>0x1</alignment>
         <input_file_ref idref="fl-1a"/>
      </object_component>
      <object_component id="oc-1c4">
         <name>.text:PinMux_init</name>
         <load_address>0x8b55</load_address>
         <readonly>true</readonly>
         <executable>true</executable>
         <run_address>0x8b55</run_address>
         <size>0xd0</size>
         <alignment>0x1</alignment>
         <input_file_ref idref="fl-2"/>
      </object_component>
      <object_component id="oc-17d">
         <name>.text:SysCtl_setClock</name>
         <load_address>0x8c25</load_address>
         <readonly>true</readonly>
         <executable>true</executable>
         <run_address>0x8c25</run_address>
         <size>0xc8</size>
         <alignment>0x1</alignment>
         <input_file_ref idref="fl-1e"/>
      </object_component>
      <object_component id="oc-256">
         <name>.text:SysCtl_isPLLValid</name>
         <load_address>0x8ced</load_address>
         <readonly>true</readonly>
         <executable>true</executable>
         <run_address>0x8ced</run_address>
         <size>0xbd</size>
         <alignment>0x1</alignment>
         <input_file_ref idref="fl-1e"/>
      </object_component>
      <object_component id="oc-2a6">
         <name>.text:ADCA_CHANNELS_init</name>
         <load_address>0x8daa</load_address>
         <readonly>true</readonly>
         <executable>true</executable>
         <run_address>0x8daa</run_address>
         <size>0x98</size>
         <alignment>0x1</alignment>
         <input_file_ref idref="fl-2"/>
      </object_component>
      <object_component id="oc-26">
         <name>.text:INT_ADCA_CHANNELS_1_ISR</name>
         <load_address>0x8e42</load_address>
         <readonly>true</readonly>
         <executable>true</executable>
         <run_address>0x8e42</run_address>
         <size>0x8f</size>
         <alignment>0x1</alignment>
         <input_file_ref idref="fl-4"/>
      </object_component>
      <object_component id="oc-76">
         <name>.text:ADC_Test_Run</name>
         <load_address>0x8ed1</load_address>
         <readonly>true</readonly>
         <executable>true</executable>
         <run_address>0x8ed1</run_address>
         <size>0x8b</size>
         <alignment>0x1</alignment>
         <input_file_ref idref="fl-d"/>
      </object_component>
      <object_component id="oc-167">
         <name>.text:Interrupt_clearIFR</name>
         <load_address>0x8f5c</load_address>
         <readonly>true</readonly>
         <executable>true</executable>
         <run_address>0x8f5c</run_address>
         <size>0x7f</size>
         <alignment>0x1</alignment>
         <input_file_ref idref="fl-1d"/>
      </object_component>
      <object_component id="oc-6d">
         <name>.text:GPIO_writePin</name>
         <load_address>0x8fdb</load_address>
         <readonly>true</readonly>
         <executable>true</executable>
         <run_address>0x8fdb</run_address>
         <size>0x25</size>
         <alignment>0x1</alignment>
         <input_file_ref idref="fl-4"/>
      </object_component>
      <object_component id="oc-1f0">
         <name>.text:pid_init</name>
         <load_address>0x9000</load_address>
         <readonly>true</readonly>
         <executable>true</executable>
         <run_address>0x9000</run_address>
         <size>0x7a</size>
         <alignment>0x1</alignment>
         <input_file_ref idref="fl-b"/>
      </object_component>
      <object_component id="oc-c6">
         <name>.text:PFC_Control_Init</name>
         <load_address>0x907a</load_address>
         <readonly>true</readonly>
         <executable>true</executable>
         <run_address>0x907a</run_address>
         <size>0x78</size>
         <alignment>0x1</alignment>
         <input_file_ref idref="fl-a"/>
      </object_component>
      <object_component id="oc-30e">
         <name>.text:EPWM_setADCTriggerSource</name>
         <load_address>0x90f2</load_address>
         <readonly>true</readonly>
         <executable>true</executable>
         <run_address>0x90f2</run_address>
         <size>0x75</size>
         <alignment>0x1</alignment>
         <input_file_ref idref="fl-2"/>
      </object_component>
      <object_component id="oc-3c0">
         <name>.text:DCC_setCounterSeeds</name>
         <load_address>0x9167</load_address>
         <readonly>true</readonly>
         <executable>true</executable>
         <run_address>0x9167</run_address>
         <size>0x73</size>
         <alignment>0x1</alignment>
         <input_file_ref idref="fl-1e"/>
      </object_component>
      <object_component id="oc-43e">
         <name>.text:CAN_setBitTiming</name>
         <load_address>0x91da</load_address>
         <readonly>true</readonly>
         <executable>true</executable>
         <run_address>0x91da</run_address>
         <size>0x64</size>
         <alignment>0x1</alignment>
         <input_file_ref idref="fl-1a"/>
      </object_component>
      <object_component id="oc-189">
         <name>.text:SysCtl_getClock</name>
         <load_address>0x923e</load_address>
         <readonly>true</readonly>
         <executable>true</executable>
         <run_address>0x923e</run_address>
         <size>0x5e</size>
         <alignment>0x1</alignment>
         <input_file_ref idref="fl-1e"/>
      </object_component>
      <object_component id="oc-1a8">
         <name>.text:GPIO_setPadConfig</name>
         <load_address>0x929c</load_address>
         <readonly>true</readonly>
         <executable>true</executable>
         <run_address>0x929c</run_address>
         <size>0x52</size>
         <alignment>0x1</alignment>
         <input_file_ref idref="fl-1c"/>
      </object_component>
      <object_component id="oc-a8">
         <name>.text:Device_init</name>
         <load_address>0x92ee</load_address>
         <readonly>true</readonly>
         <executable>true</executable>
         <run_address>0x92ee</run_address>
         <size>0x51</size>
         <alignment>0x1</alignment>
         <input_file_ref idref="fl-6"/>
      </object_component>
      <object_component id="oc-a0">
         <name>.text:Interrupt_disable</name>
         <load_address>0x933f</load_address>
         <readonly>true</readonly>
         <executable>true</executable>
         <run_address>0x933f</run_address>
         <size>0x4e</size>
         <alignment>0x1</alignment>
         <input_file_ref idref="fl-1d"/>
      </object_component>
      <object_component id="oc-24f">
         <name>.text:SysCtl_selectOscSource</name>
         <load_address>0x938d</load_address>
         <readonly>true</readonly>
         <executable>true</executable>
         <run_address>0x938d</run_address>
         <size>0x4d</size>
         <alignment>0x1</alignment>
         <input_file_ref idref="fl-1e"/>
      </object_component>
      <object_component id="oc-3ef">
         <name>.text:ADC_setVREF</name>
         <load_address>0x93da</load_address>
         <readonly>true</readonly>
         <executable>true</executable>
         <run_address>0x93da</run_address>
         <size>0x4c</size>
         <alignment>0x1</alignment>
         <input_file_ref idref="fl-19"/>
      </object_component>
      <object_component id="oc-413">
         <name>.text:ADC_setupSOC</name>
         <load_address>0x9426</load_address>
         <readonly>true</readonly>
         <executable>true</executable>
         <run_address>0x9426</run_address>
         <size>0x46</size>
         <alignment>0x1</alignment>
         <input_file_ref idref="fl-2"/>
      </object_component>
      <object_component id="oc-4a1">
         <name>.text:SysCtl_pollX1Counter</name>
         <load_address>0x946c</load_address>
         <readonly>true</readonly>
         <executable>true</executable>
         <run_address>0x946c</run_address>
         <size>0x45</size>
         <alignment>0x1</alignment>
         <input_file_ref idref="fl-1e"/>
      </object_component>
      <object_component id="oc-2ad">
         <name>.text:CAN_COM_init</name>
         <load_address>0x94b1</load_address>
         <readonly>true</readonly>
         <executable>true</executable>
         <run_address>0x94b1</run_address>
         <size>0x40</size>
         <alignment>0x1</alignment>
         <input_file_ref idref="fl-2"/>
      </object_component>
      <object_component id="oc-2ea">
         <name>.text:EPWM_setActionQualifierAction</name>
         <load_address>0x94f1</load_address>
         <readonly>true</readonly>
         <executable>true</executable>
         <run_address>0x94f1</run_address>
         <size>0x40</size>
         <alignment>0x1</alignment>
         <input_file_ref idref="fl-2"/>
      </object_component>
      <object_component id="oc-383">
         <name>.text:SysCtl_selectXTAL</name>
         <load_address>0x9531</load_address>
         <readonly>true</readonly>
         <executable>true</executable>
         <run_address>0x9531</run_address>
         <size>0x40</size>
         <alignment>0x1</alignment>
         <input_file_ref idref="fl-1e"/>
      </object_component>
      <object_component id="oc-2e4">
         <name>.text:EPWM_setCounterCompareShadowLoadMode</name>
         <load_address>0x9571</load_address>
         <readonly>true</readonly>
         <executable>true</executable>
         <run_address>0x9571</run_address>
         <size>0x3e</size>
         <alignment>0x1</alignment>
         <input_file_ref idref="fl-2"/>
      </object_component>
      <object_component id="oc-b4">
         <name>.text:Interrupt_initModule</name>
         <load_address>0x95af</load_address>
         <readonly>true</readonly>
         <executable>true</executable>
         <run_address>0x95af</run_address>
         <size>0x3d</size>
         <alignment>0x1</alignment>
         <input_file_ref idref="fl-1d"/>
      </object_component>
      <object_component id="oc-314">
         <name>.text:EPWM_setADCTriggerEventPrescale</name>
         <load_address>0x95ec</load_address>
         <readonly>true</readonly>
         <executable>true</executable>
         <run_address>0x95ec</run_address>
         <size>0x3a</size>
         <alignment>0x1</alignment>
         <input_file_ref idref="fl-2"/>
      </object_component>
      <object_component id="oc-1b4">
         <name>.text:GPIO_setAnalogMode</name>
         <load_address>0x9626</load_address>
         <readonly>true</readonly>
         <executable>true</executable>
         <run_address>0x9626</run_address>
         <size>0x3a</size>
         <alignment>0x1</alignment>
         <input_file_ref idref="fl-1c"/>
      </object_component>
      <object_component id="oc-2e">
         <name>.text:main</name>
         <load_address>0x9660</load_address>
         <readonly>true</readonly>
         <executable>true</executable>
         <run_address>0x9660</run_address>
         <size>0x3a</size>
         <alignment>0x1</alignment>
         <input_file_ref idref="fl-4"/>
      </object_component>
      <object_component id="oc-470">
         <name>.text:GPIO_setControllerCore</name>
         <load_address>0x969a</load_address>
         <readonly>true</readonly>
         <executable>true</executable>
         <run_address>0x969a</run_address>
         <size>0x37</size>
         <alignment>0x1</alignment>
         <input_file_ref idref="fl-1c"/>
      </object_component>
      <object_component id="oc-279">
         <name>.text:GPIO_setPinConfig</name>
         <load_address>0x96d1</load_address>
         <readonly>true</readonly>
         <executable>true</executable>
         <run_address>0x96d1</run_address>
         <size>0x37</size>
         <alignment>0x1</alignment>
         <input_file_ref idref="fl-1c"/>
      </object_component>
      <object_component id="oc-27f">
         <name>.text:GPIO_setQualificationMode</name>
         <load_address>0x9708</load_address>
         <readonly>true</readonly>
         <executable>true</executable>
         <run_address>0x9708</run_address>
         <size>0x37</size>
         <alignment>0x1</alignment>
         <input_file_ref idref="fl-1c"/>
      </object_component>
      <object_component id="oc-de">
         <name>.text:Interrupt_enable</name>
         <load_address>0x973f</load_address>
         <readonly>true</readonly>
         <executable>true</executable>
         <run_address>0x973f</run_address>
         <size>0x37</size>
         <alignment>0x1</alignment>
         <input_file_ref idref="fl-1d"/>
      </object_component>
      <object_component id="oc-7c">
         <name>.text:EPWM_Test_Run</name>
         <load_address>0x9776</load_address>
         <readonly>true</readonly>
         <executable>true</executable>
         <run_address>0x9776</run_address>
         <size>0x33</size>
         <alignment>0x1</alignment>
         <input_file_ref idref="fl-f"/>
      </object_component>
      <object_component id="oc-1ae">
         <name>.text:GPIO_setDirectionMode</name>
         <load_address>0x97a9</load_address>
         <readonly>true</readonly>
         <executable>true</executable>
         <run_address>0x97a9</run_address>
         <size>0x31</size>
         <alignment>0x1</alignment>
         <input_file_ref idref="fl-1c"/>
      </object_component>
      <object_component id="oc-389">
         <name>.text:SysCtl_selectXTALSingleEnded</name>
         <load_address>0x97da</load_address>
         <readonly>true</readonly>
         <executable>true</executable>
         <run_address>0x97da</run_address>
         <size>0x25</size>
         <alignment>0x1</alignment>
         <input_file_ref idref="fl-1e"/>
      </object_component>
      <object_component id="oc-c0">
         <name>.text:ADC_Test_Init</name>
         <load_address>0x97ff</load_address>
         <readonly>true</readonly>
         <executable>true</executable>
         <run_address>0x97ff</run_address>
         <size>0x1</size>
         <alignment>0x1</alignment>
         <input_file_ref idref="fl-d"/>
      </object_component>
      <object_component id="oc-41f">
         <name>.text:ADC_setInterruptSource</name>
         <load_address>0x9800</load_address>
         <readonly>true</readonly>
         <executable>true</executable>
         <run_address>0x9800</run_address>
         <size>0x2f</size>
         <alignment>0x1</alignment>
         <input_file_ref idref="fl-2"/>
      </object_component>
      <object_component id="oc-419">
         <name>.text:ADC_setInterruptSOCTrigger</name>
         <load_address>0x982f</load_address>
         <readonly>true</readonly>
         <executable>true</executable>
         <run_address>0x982f</run_address>
         <size>0x2e</size>
         <alignment>0x1</alignment>
         <input_file_ref idref="fl-2"/>
      </object_component>
      <object_component id="oc-14">
         <name>.text:decompress:lzss</name>
         <load_address>0x985d</load_address>
         <readonly>true</readonly>
         <executable>true</executable>
         <run_address>0x985d</run_address>
         <size>0x2e</size>
         <alignment>0x1</alignment>
         <input_file_ref idref="fl-34"/>
      </object_component>
      <object_component id="oc-457">
         <name>.text:EPWM_isBaseValid</name>
         <load_address>0x988b</load_address>
         <readonly>true</readonly>
         <executable>true</executable>
         <run_address>0x988b</run_address>
         <size>0x2b</size>
         <alignment>0x1</alignment>
         <input_file_ref idref="fl-2"/>
      </object_component>
      <object_component id="oc-228">
         <name>.text:EPWM_isBaseValid</name>
         <load_address>0x98b6</load_address>
         <readonly>true</readonly>
         <executable>true</executable>
         <run_address>0x98b6</run_address>
         <size>0x2b</size>
         <alignment>0x1</alignment>
         <input_file_ref idref="fl-f"/>
      </object_component>
      <object_component id="oc-340">
         <name>.text:__TI_auto_init_nobinit_nopinit</name>
         <load_address>0x98e1</load_address>
         <readonly>true</readonly>
         <executable>true</executable>
         <run_address>0x98e1</run_address>
         <size>0x2b</size>
         <alignment>0x1</alignment>
         <input_file_ref idref="fl-31"/>
      </object_component>
      <object_component id="oc-444">
         <name>.text:CAN_enableTestMode</name>
         <load_address>0x990c</load_address>
         <readonly>true</readonly>
         <executable>true</executable>
         <run_address>0x990c</run_address>
         <size>0x29</size>
         <alignment>0x1</alignment>
         <input_file_ref idref="fl-2"/>
      </object_component>
      <object_component id="oc-21a">
         <name>.text</name>
         <load_address>0x9935</load_address>
         <readonly>true</readonly>
         <executable>true</executable>
         <run_address>0x9935</run_address>
         <size>0x29</size>
         <alignment>0x1</alignment>
         <input_file_ref idref="fl-35"/>
      </object_component>
      <object_component id="oc-4c9">
         <name>.text:ADC_setOffsetTrimAll</name>
         <load_address>0x995e</load_address>
         <readonly>true</readonly>
         <executable>true</executable>
         <run_address>0x995e</run_address>
         <size>0x28</size>
         <alignment>0x1</alignment>
         <input_file_ref idref="fl-19"/>
      </object_component>
      <object_component id="oc-2d8">
         <name>.text:EPWM_setSyncOutPulseMode</name>
         <load_address>0x9986</load_address>
         <readonly>true</readonly>
         <executable>true</executable>
         <run_address>0x9986</run_address>
         <size>0x27</size>
         <alignment>0x1</alignment>
         <input_file_ref idref="fl-2"/>
      </object_component>
      <object_component id="oc-28c">
         <name>.text:SysCtl_setSyncInputConfig</name>
         <load_address>0x99ad</load_address>
         <readonly>true</readonly>
         <executable>true</executable>
         <run_address>0x99ad</run_address>
         <size>0x27</size>
         <alignment>0x1</alignment>
         <input_file_ref idref="fl-2"/>
      </object_component>
      <object_component id="oc-3c6">
         <name>.text:DCC_enableSingleShotMode</name>
         <load_address>0x99d4</load_address>
         <readonly>true</readonly>
         <executable>true</executable>
         <run_address>0x99d4</run_address>
         <size>0x24</size>
         <alignment>0x1</alignment>
         <input_file_ref idref="fl-1e"/>
      </object_component>
      <object_component id="oc-138">
         <name>.text:pid_reset</name>
         <load_address>0x99f8</load_address>
         <readonly>true</readonly>
         <executable>true</executable>
         <run_address>0x99f8</run_address>
         <size>0x23</size>
         <alignment>0x1</alignment>
         <input_file_ref idref="fl-b"/>
      </object_component>
      <object_component id="oc-2de">
         <name>.text:EPWM_setCounterCompareValue</name>
         <load_address>0x9a1b</load_address>
         <readonly>true</readonly>
         <executable>true</executable>
         <run_address>0x9a1b</run_address>
         <size>0x22</size>
         <alignment>0x1</alignment>
         <input_file_ref idref="fl-2"/>
      </object_component>
      <object_component id="oc-127">
         <name>.text:EPWM_setCounterCompareValue</name>
         <load_address>0x9a3d</load_address>
         <readonly>true</readonly>
         <executable>true</executable>
         <run_address>0x9a3d</run_address>
         <size>0x22</size>
         <alignment>0x1</alignment>
         <input_file_ref idref="fl-f"/>
      </object_component>
      <object_component id="oc-42b">
         <name>.text:ADC_disableContinuousMode</name>
         <load_address>0x9a5f</load_address>
         <readonly>true</readonly>
         <executable>true</executable>
         <run_address>0x9a5f</run_address>
         <size>0x21</size>
         <alignment>0x1</alignment>
         <input_file_ref idref="fl-2"/>
      </object_component>
      <object_component id="oc-431">
         <name>.text:ADC_enableInterrupt</name>
         <load_address>0x9a80</load_address>
         <readonly>true</readonly>
         <executable>true</executable>
         <run_address>0x9a80</run_address>
         <size>0x20</size>
         <alignment>0x1</alignment>
         <input_file_ref idref="fl-2"/>
      </object_component>
      <object_component id="oc-53">
         <name>.text</name>
         <load_address>0x9aa0</load_address>
         <readonly>true</readonly>
         <executable>true</executable>
         <run_address>0x9aa0</run_address>
         <size>0x20</size>
         <alignment>0x1</alignment>
         <input_file_ref idref="fl-3a"/>
      </object_component>
      <object_component id="oc-2fc">
         <name>.text:EPWM_setFallingEdgeDelayCountShadowLoadMode</name>
         <load_address>0x9ac0</load_address>
         <readonly>true</readonly>
         <executable>true</executable>
         <run_address>0x9ac0</run_address>
         <size>0x1f</size>
         <alignment>0x1</alignment>
         <input_file_ref idref="fl-2"/>
      </object_component>
      <object_component id="oc-2f0">
         <name>.text:EPWM_setRisingEdgeDelayCountShadowLoadMode</name>
         <load_address>0x9adf</load_address>
         <readonly>true</readonly>
         <executable>true</executable>
         <run_address>0x9adf</run_address>
         <size>0x1f</size>
         <alignment>0x1</alignment>
         <input_file_ref idref="fl-2"/>
      </object_component>
      <object_component id="oc-3ba">
         <name>.text:DCC_setCounter1ClkSource</name>
         <load_address>0x9afe</load_address>
         <readonly>true</readonly>
         <executable>true</executable>
         <run_address>0x9afe</run_address>
         <size>0x1e</size>
         <alignment>0x1</alignment>
         <input_file_ref idref="fl-1e"/>
      </object_component>
      <object_component id="oc-2d2">
         <name>.text:EPWM_setPhaseShift</name>
         <load_address>0x9b1c</load_address>
         <readonly>true</readonly>
         <executable>true</executable>
         <run_address>0x9b1c</run_address>
         <size>0x1e</size>
         <alignment>0x1</alignment>
         <input_file_ref idref="fl-2"/>
      </object_component>
      <object_component id="oc-3a">
         <name>.text:Interrupt_initVectorTable</name>
         <load_address>0x9b3a</load_address>
         <readonly>true</readonly>
         <executable>true</executable>
         <run_address>0x9b3a</run_address>
         <size>0x1e</size>
         <alignment>0x1</alignment>
         <input_file_ref idref="fl-1d"/>
      </object_component>
      <object_component id="oc-1ca">
         <name>.text:SYNC_init</name>
         <load_address>0x9b58</load_address>
         <readonly>true</readonly>
         <executable>true</executable>
         <run_address>0x9b58</run_address>
         <size>0x1e</size>
         <alignment>0x1</alignment>
         <input_file_ref idref="fl-2"/>
      </object_component>
      <object_component id="oc-40d">
         <name>.text:ADC_setSOCPriority</name>
         <load_address>0x9b76</load_address>
         <readonly>true</readonly>
         <executable>true</executable>
         <run_address>0x9b76</run_address>
         <size>0x1c</size>
         <alignment>0x1</alignment>
         <input_file_ref idref="fl-2"/>
      </object_component>
      <object_component id="oc-438">
         <name>.text:CAN_initModule</name>
         <load_address>0x9b92</load_address>
         <readonly>true</readonly>
         <executable>true</executable>
         <run_address>0x9b92</run_address>
         <size>0x1c</size>
         <alignment>0x1</alignment>
         <input_file_ref idref="fl-1a"/>
      </object_component>
      <object_component id="oc-3b4">
         <name>.text:DCC_setCounter0ClkSource</name>
         <load_address>0x9bae</load_address>
         <readonly>true</readonly>
         <executable>true</executable>
         <run_address>0x9bae</run_address>
         <size>0x1c</size>
         <alignment>0x1</alignment>
         <input_file_ref idref="fl-1e"/>
      </object_component>
      <object_component id="oc-308">
         <name>.text:EPWM_enableADCTrigger</name>
         <load_address>0x9bca</load_address>
         <readonly>true</readonly>
         <executable>true</executable>
         <run_address>0x9bca</run_address>
         <size>0x1c</size>
         <alignment>0x1</alignment>
         <input_file_ref idref="fl-2"/>
      </object_component>
      <object_component id="oc-2b4">
         <name>.text:EPWM_setClockPrescaler</name>
         <load_address>0x9be6</load_address>
         <readonly>true</readonly>
         <executable>true</executable>
         <run_address>0x9be6</run_address>
         <size>0x1c</size>
         <alignment>0x1</alignment>
         <input_file_ref idref="fl-2"/>
      </object_component>
      <object_component id="oc-11f">
         <name>.text:ADC_readResult</name>
         <load_address>0x9c02</load_address>
         <readonly>true</readonly>
         <executable>true</executable>
         <run_address>0x9c02</run_address>
         <size>0x1a</size>
         <alignment>0x1</alignment>
         <input_file_ref idref="fl-d"/>
      </object_component>
      <object_component id="oc-4e9">
         <name>.text:CAN_initRAM</name>
         <load_address>0x9c1c</load_address>
         <readonly>true</readonly>
         <executable>true</executable>
         <run_address>0x9c1c</run_address>
         <size>0x1a</size>
         <alignment>0x1</alignment>
         <input_file_ref idref="fl-1a"/>
      </object_component>
      <object_component id="oc-190">
         <name>.text:SysCtl_getLowSpeedClock</name>
         <load_address>0x9c36</load_address>
         <readonly>true</readonly>
         <executable>true</executable>
         <run_address>0x9c36</run_address>
         <size>0x1a</size>
         <alignment>0x1</alignment>
         <input_file_ref idref="fl-1e"/>
      </object_component>
      <object_component id="oc-31a">
         <name>.text:EPWM_setCountModeAfterSync</name>
         <load_address>0x9c50</load_address>
         <readonly>true</readonly>
         <executable>true</executable>
         <run_address>0x9c50</run_address>
         <size>0x19</size>
         <alignment>0x1</alignment>
         <input_file_ref idref="fl-2"/>
      </object_component>
      <object_component id="oc-29f">
         <name>.text:ASysCtl_setAnalogReferenceExternal</name>
         <load_address>0x9c69</load_address>
         <readonly>true</readonly>
         <executable>true</executable>
         <run_address>0x9c69</run_address>
         <size>0x18</size>
         <alignment>0x1</alignment>
         <input_file_ref idref="fl-2"/>
      </object_component>
      <object_component id="oc-302">
         <name>.text:EPWM_disableFallingEdgeDelayCountShadowLoadMode</name>
         <load_address>0x9c81</load_address>
         <readonly>true</readonly>
         <executable>true</executable>
         <run_address>0x9c81</run_address>
         <size>0x18</size>
         <alignment>0x1</alignment>
         <input_file_ref idref="fl-2"/>
      </object_component>
      <object_component id="oc-2f6">
         <name>.text:EPWM_disableRisingEdgeDelayCountShadowLoadMode</name>
         <load_address>0x9c99</load_address>
         <readonly>true</readonly>
         <executable>true</executable>
         <run_address>0x9c99</run_address>
         <size>0x18</size>
         <alignment>0x1</alignment>
         <input_file_ref idref="fl-2"/>
      </object_component>
      <object_component id="oc-4d1">
         <name>.text:ADC_isBaseValid</name>
         <load_address>0x9cb1</load_address>
         <readonly>true</readonly>
         <executable>true</executable>
         <run_address>0x9cb1</run_address>
         <size>0x17</size>
         <alignment>0x1</alignment>
         <input_file_ref idref="fl-2"/>
      </object_component>
      <object_component id="oc-4c2">
         <name>.text:ADC_isBaseValid</name>
         <load_address>0x9cc8</load_address>
         <readonly>true</readonly>
         <executable>true</executable>
         <run_address>0x9cc8</run_address>
         <size>0x17</size>
         <alignment>0x1</alignment>
         <input_file_ref idref="fl-19"/>
      </object_component>
      <object_component id="oc-156">
         <name>.text:ADC_isBaseValid</name>
         <load_address>0x9cdf</load_address>
         <readonly>true</readonly>
         <executable>true</executable>
         <run_address>0x9cdf</run_address>
         <size>0x17</size>
         <alignment>0x1</alignment>
         <input_file_ref idref="fl-4"/>
      </object_component>
      <object_component id="oc-262">
         <name>.text:SysCtl_enablePeripheral</name>
         <load_address>0x9cf6</load_address>
         <readonly>true</readonly>
         <executable>true</executable>
         <run_address>0x9cf6</run_address>
         <size>0x17</size>
         <alignment>0x1</alignment>
         <input_file_ref idref="fl-6"/>
      </object_component>
      <object_component id="oc-390">
         <name>.text:SysCtl_enablePeripheral</name>
         <load_address>0x9d0d</load_address>
         <readonly>true</readonly>
         <executable>true</executable>
         <run_address>0x9d0d</run_address>
         <size>0x17</size>
         <alignment>0x1</alignment>
         <input_file_ref idref="fl-1e"/>
      </object_component>
      <object_component id="oc-ea">
         <name>.text:SysCtl_enablePeripheral</name>
         <load_address>0x9d24</load_address>
         <readonly>true</readonly>
         <executable>true</executable>
         <run_address>0x9d24</run_address>
         <size>0x17</size>
         <alignment>0x1</alignment>
         <input_file_ref idref="fl-4"/>
      </object_component>
      <object_component id="oc-109">
         <name>.text</name>
         <load_address>0x9d3b</load_address>
         <readonly>true</readonly>
         <executable>true</executable>
         <run_address>0x9d3b</run_address>
         <size>0x17</size>
         <alignment>0x1</alignment>
         <input_file_ref idref="fl-2a"/>
      </object_component>
      <object_component id="oc-3fb">
         <name>.text:ADC_setInterruptPulseMode</name>
         <load_address>0x9d52</load_address>
         <readonly>true</readonly>
         <executable>true</executable>
         <run_address>0x9d52</run_address>
         <size>0x16</size>
         <alignment>0x1</alignment>
         <input_file_ref idref="fl-2"/>
      </object_component>
      <object_component id="oc-3f5">
         <name>.text:ADC_setPrescaler</name>
         <load_address>0x9d68</load_address>
         <readonly>true</readonly>
         <executable>true</executable>
         <run_address>0x9d68</run_address>
         <size>0x16</size>
         <alignment>0x1</alignment>
         <input_file_ref idref="fl-2"/>
      </object_component>
      <object_component id="oc-3ae">
         <name>.text:DCC_disableDoneSignal</name>
         <load_address>0x9d7e</load_address>
         <readonly>true</readonly>
         <executable>true</executable>
         <run_address>0x9d7e</run_address>
         <size>0x16</size>
         <alignment>0x1</alignment>
         <input_file_ref idref="fl-1e"/>
      </object_component>
      <object_component id="oc-3d2">
         <name>.text:DCC_enableDoneSignal</name>
         <load_address>0x9d94</load_address>
         <readonly>true</readonly>
         <executable>true</executable>
         <run_address>0x9d94</run_address>
         <size>0x16</size>
         <alignment>0x1</alignment>
         <input_file_ref idref="fl-1e"/>
      </object_component>
      <object_component id="oc-38">
         <name>.text:Interrupt_defaultHandler</name>
         <load_address>0x9daa</load_address>
         <readonly>true</readonly>
         <executable>true</executable>
         <run_address>0x9daa</run_address>
         <size>0x16</size>
         <alignment>0x1</alignment>
         <input_file_ref idref="fl-1d"/>
      </object_component>
      <object_component id="oc-407">
         <name>.text:ADC_disableBurstMode</name>
         <load_address>0x9dc0</load_address>
         <readonly>true</readonly>
         <executable>true</executable>
         <run_address>0x9dc0</run_address>
         <size>0x15</size>
         <alignment>0x1</alignment>
         <input_file_ref idref="fl-2"/>
      </object_component>
      <object_component id="oc-4f2">
         <name>.text:CAN_isBaseValid</name>
         <load_address>0x9dd5</load_address>
         <readonly>true</readonly>
         <executable>true</executable>
         <run_address>0x9dd5</run_address>
         <size>0x15</size>
         <alignment>0x1</alignment>
         <input_file_ref idref="fl-2"/>
      </object_component>
      <object_component id="oc-4e2">
         <name>.text:CAN_isBaseValid</name>
         <load_address>0x9dea</load_address>
         <readonly>true</readonly>
         <executable>true</executable>
         <run_address>0x9dea</run_address>
         <size>0x15</size>
         <alignment>0x1</alignment>
         <input_file_ref idref="fl-1a"/>
      </object_component>
      <object_component id="oc-39c">
         <name>.text:DCC_clearDoneFlag</name>
         <load_address>0x9dff</load_address>
         <readonly>true</readonly>
         <executable>true</executable>
         <run_address>0x9dff</run_address>
         <size>0x15</size>
         <alignment>0x1</alignment>
         <input_file_ref idref="fl-1e"/>
      </object_component>
      <object_component id="oc-396">
         <name>.text:DCC_clearErrorFlag</name>
         <load_address>0x9e14</load_address>
         <readonly>true</readonly>
         <executable>true</executable>
         <run_address>0x9e14</run_address>
         <size>0x15</size>
         <alignment>0x1</alignment>
         <input_file_ref idref="fl-1e"/>
      </object_component>
      <object_component id="oc-3a8">
         <name>.text:DCC_disableErrorSignal</name>
         <load_address>0x9e29</load_address>
         <readonly>true</readonly>
         <executable>true</executable>
         <run_address>0x9e29</run_address>
         <size>0x15</size>
         <alignment>0x1</alignment>
         <input_file_ref idref="fl-1e"/>
      </object_component>
      <object_component id="oc-3cc">
         <name>.text:DCC_enableErrorSignal</name>
         <load_address>0x9e3e</load_address>
         <readonly>true</readonly>
         <executable>true</executable>
         <run_address>0x9e3e</run_address>
         <size>0x15</size>
         <alignment>0x1</alignment>
         <input_file_ref idref="fl-1e"/>
      </object_component>
      <object_component id="oc-1bc">
         <name>.text:GPIO_unlockPortConfig</name>
         <load_address>0x9e53</load_address>
         <readonly>true</readonly>
         <executable>true</executable>
         <run_address>0x9e53</run_address>
         <size>0x15</size>
         <alignment>0x1</alignment>
         <input_file_ref idref="fl-6"/>
      </object_component>
      <object_component id="oc-32d">
         <name>.text:AC_RELAY_DRIVE_init</name>
         <load_address>0x9e68</load_address>
         <readonly>true</readonly>
         <executable>true</executable>
         <run_address>0x9e68</run_address>
         <size>0x14</size>
         <alignment>0x1</alignment>
         <input_file_ref idref="fl-2"/>
      </object_component>
      <object_component id="oc-425">
         <name>.text:ADC_clearInterruptStatus</name>
         <load_address>0x9e7c</load_address>
         <readonly>true</readonly>
         <executable>true</executable>
         <run_address>0x9e7c</run_address>
         <size>0x14</size>
         <alignment>0x1</alignment>
         <input_file_ref idref="fl-2"/>
      </object_component>
      <object_component id="oc-8b">
         <name>.text:ADC_clearInterruptStatus</name>
         <load_address>0x9e90</load_address>
         <readonly>true</readonly>
         <executable>true</executable>
         <run_address>0x9e90</run_address>
         <size>0x14</size>
         <alignment>0x1</alignment>
         <input_file_ref idref="fl-4"/>
      </object_component>
      <object_component id="oc-3a2">
         <name>.text:DCC_disableModule</name>
         <load_address>0x9ea4</load_address>
         <readonly>true</readonly>
         <executable>true</executable>
         <run_address>0x9ea4</run_address>
         <size>0x14</size>
         <alignment>0x1</alignment>
         <input_file_ref idref="fl-1e"/>
      </object_component>
      <object_component id="oc-3d8">
         <name>.text:DCC_enableModule</name>
         <load_address>0x9eb8</load_address>
         <readonly>true</readonly>
         <executable>true</executable>
         <run_address>0x9eb8</run_address>
         <size>0x14</size>
         <alignment>0x1</alignment>
         <input_file_ref idref="fl-1e"/>
      </object_component>
      <object_component id="oc-327">
         <name>.text:DC_RELAY_DRIVE_init</name>
         <load_address>0x9ecc</load_address>
         <readonly>true</readonly>
         <executable>true</executable>
         <run_address>0x9ecc</run_address>
         <size>0x14</size>
         <alignment>0x1</alignment>
         <input_file_ref idref="fl-2"/>
      </object_component>
      <object_component id="oc-2c6">
         <name>.text:EPWM_setTimeBaseCounterMode</name>
         <load_address>0x9ee0</load_address>
         <readonly>true</readonly>
         <executable>true</executable>
         <run_address>0x9ee0</run_address>
         <size>0x14</size>
         <alignment>0x1</alignment>
         <input_file_ref idref="fl-2"/>
      </object_component>
      <object_component id="oc-2ba">
         <name>.text:EPWM_setTimeBasePeriod</name>
         <load_address>0x9ef4</load_address>
         <readonly>true</readonly>
         <executable>true</executable>
         <run_address>0x9ef4</run_address>
         <size>0x14</size>
         <alignment>0x1</alignment>
         <input_file_ref idref="fl-2"/>
      </object_component>
      <object_component id="oc-26a">
         <name>.text:GPIO_isPinValid</name>
         <load_address>0x9f08</load_address>
         <readonly>true</readonly>
         <executable>true</executable>
         <run_address>0x9f08</run_address>
         <size>0x14</size>
         <alignment>0x1</alignment>
         <input_file_ref idref="fl-1c"/>
      </object_component>
      <object_component id="oc-10f">
         <name>.text:GPIO_isPinValid</name>
         <load_address>0x9f1c</load_address>
         <readonly>true</readonly>
         <executable>true</executable>
         <run_address>0x9f1c</run_address>
         <size>0x14</size>
         <alignment>0x1</alignment>
         <input_file_ref idref="fl-4"/>
      </object_component>
      <object_component id="oc-196">
         <name>.text:SysCtl_deviceCal</name>
         <load_address>0x9f30</load_address>
         <readonly>true</readonly>
         <executable>true</executable>
         <run_address>0x9f30</run_address>
         <size>0x14</size>
         <alignment>0x1</alignment>
         <input_file_ref idref="fl-6"/>
      </object_component>
      <object_component id="oc-401">
         <name>.text:ADC_enableConverter</name>
         <load_address>0x9f44</load_address>
         <readonly>true</readonly>
         <executable>true</executable>
         <run_address>0x9f44</run_address>
         <size>0x13</size>
         <alignment>0x1</alignment>
         <input_file_ref idref="fl-2"/>
      </object_component>
      <object_component id="oc-ba">
         <name>.text:Board_init</name>
         <load_address>0x9f57</load_address>
         <readonly>true</readonly>
         <executable>true</executable>
         <run_address>0x9f57</run_address>
         <size>0x13</size>
         <alignment>0x1</alignment>
         <input_file_ref idref="fl-2"/>
      </object_component>
      <object_component id="oc-12d">
         <name>.text:EPWM_getTimeBasePeriod</name>
         <load_address>0x9f6a</load_address>
         <readonly>true</readonly>
         <executable>true</executable>
         <run_address>0x9f6a</run_address>
         <size>0x12</size>
         <alignment>0x1</alignment>
         <input_file_ref idref="fl-f"/>
      </object_component>
      <object_component id="oc-2c0">
         <name>.text:EPWM_setTimeBaseCounter</name>
         <load_address>0x9f7c</load_address>
         <readonly>true</readonly>
         <executable>true</executable>
         <run_address>0x9f7c</run_address>
         <size>0x12</size>
         <alignment>0x1</alignment>
         <input_file_ref idref="fl-2"/>
      </object_component>
      <object_component id="oc-286">
         <name>.text:SysCtl_setSyncOutputConfig</name>
         <load_address>0x9f8e</load_address>
         <readonly>true</readonly>
         <executable>true</executable>
         <run_address>0x9f8e</run_address>
         <size>0x12</size>
         <alignment>0x1</alignment>
         <input_file_ref idref="fl-2"/>
      </object_component>
      <object_component id="oc-214">
         <name>.text</name>
         <load_address>0x9fa0</load_address>
         <readonly>true</readonly>
         <executable>true</executable>
         <run_address>0x9fa0</run_address>
         <size>0x12</size>
         <alignment>0x1</alignment>
         <input_file_ref idref="fl-37"/>
      </object_component>
      <object_component id="oc-450">
         <name>.text:CAN_startModule</name>
         <load_address>0x9fb2</load_address>
         <readonly>true</readonly>
         <executable>true</executable>
         <run_address>0x9fb2</run_address>
         <size>0x11</size>
         <alignment>0x1</alignment>
         <input_file_ref idref="fl-2"/>
      </object_component>
      <object_component id="oc-2cc">
         <name>.text:EPWM_disablePhaseShiftLoad</name>
         <load_address>0x9fc3</load_address>
         <readonly>true</readonly>
         <executable>true</executable>
         <run_address>0x9fc3</run_address>
         <size>0x11</size>
         <alignment>0x1</alignment>
         <input_file_ref idref="fl-2"/>
      </object_component>
      <object_component id="oc-320">
         <name>.text:EPWM_enablePhaseShiftLoad</name>
         <load_address>0x9fd4</load_address>
         <readonly>true</readonly>
         <executable>true</executable>
         <run_address>0x9fd4</run_address>
         <size>0x11</size>
         <alignment>0x1</alignment>
         <input_file_ref idref="fl-2"/>
      </object_component>
      <object_component id="oc-4b0">
         <name>.text:DCC_isBaseValid</name>
         <load_address>0x9fe5</load_address>
         <readonly>true</readonly>
         <executable>true</executable>
         <run_address>0x9fe5</run_address>
         <size>0x10</size>
         <alignment>0x1</alignment>
         <input_file_ref idref="fl-1e"/>
      </object_component>
      <object_component id="oc-177">
         <name>.text:SysCtl_disableWatchdog</name>
         <load_address>0x9ff5</load_address>
         <readonly>true</readonly>
         <executable>true</executable>
         <run_address>0x9ff5</run_address>
         <size>0xb</size>
         <alignment>0x1</alignment>
         <input_file_ref idref="fl-6"/>
      </object_component>
      <object_component id="oc-ae">
         <name>.text:Device_initGPIO</name>
         <load_address>0xa000</load_address>
         <readonly>true</readonly>
         <executable>true</executable>
         <run_address>0xa000</run_address>
         <size>0x10</size>
         <alignment>0x1</alignment>
         <input_file_ref idref="fl-6"/>
      </object_component>
      <object_component id="oc-1a2">
         <name>.text:ASysCtl_disableDCDC</name>
         <load_address>0xa010</load_address>
         <readonly>true</readonly>
         <executable>true</executable>
         <run_address>0xa010</run_address>
         <size>0xf</size>
         <alignment>0x1</alignment>
         <input_file_ref idref="fl-6"/>
      </object_component>
      <object_component id="oc-9a">
         <name>.text:Interrupt_register</name>
         <load_address>0xa01f</load_address>
         <readonly>true</readonly>
         <executable>true</executable>
         <run_address>0xa01f</run_address>
         <size>0xf</size>
         <alignment>0x1</alignment>
         <input_file_ref idref="fl-2"/>
      </object_component>
      <object_component id="oc-d8">
         <name>.text:Interrupt_register</name>
         <load_address>0xa02e</load_address>
         <readonly>true</readonly>
         <executable>true</executable>
         <run_address>0xa02e</run_address>
         <size>0xf</size>
         <alignment>0x1</alignment>
         <input_file_ref idref="fl-4"/>
      </object_component>
      <object_component id="oc-cc">
         <name>.text:EPWM_Test_Init</name>
         <load_address>0xa03d</load_address>
         <readonly>true</readonly>
         <executable>true</executable>
         <run_address>0xa03d</run_address>
         <size>0xd</size>
         <alignment>0x1</alignment>
         <input_file_ref idref="fl-f"/>
      </object_component>
      <object_component id="oc-27">
         <name>.text:INTERRUPT_init</name>
         <load_address>0xa04a</load_address>
         <readonly>true</readonly>
         <executable>true</executable>
         <run_address>0xa04a</run_address>
         <size>0xd</size>
         <alignment>0x1</alignment>
         <input_file_ref idref="fl-2"/>
      </object_component>
      <object_component id="oc-161">
         <name>.text:Interrupt_disableGlobal</name>
         <load_address>0xa057</load_address>
         <readonly>true</readonly>
         <executable>true</executable>
         <run_address>0xa057</run_address>
         <size>0xd</size>
         <alignment>0x1</alignment>
         <input_file_ref idref="fl-1d"/>
      </object_component>
      <object_component id="oc-16d">
         <name>.text:Interrupt_enableGlobal</name>
         <load_address>0xa064</load_address>
         <readonly>true</readonly>
         <executable>true</executable>
         <run_address>0xa064</run_address>
         <size>0xd</size>
         <alignment>0x1</alignment>
         <input_file_ref idref="fl-1d"/>
      </object_component>
      <object_component id="oc-183">
         <name>.text:SysCtl_setLowSpeedClock</name>
         <load_address>0xa071</load_address>
         <readonly>true</readonly>
         <executable>true</executable>
         <run_address>0xa071</run_address>
         <size>0xd</size>
         <alignment>0x1</alignment>
         <input_file_ref idref="fl-6"/>
      </object_component>
      <object_component id="oc-292">
         <name>.text:SysCtl_enableExtADCSOCSource</name>
         <load_address>0xa07e</load_address>
         <readonly>true</readonly>
         <executable>true</executable>
         <run_address>0xa07e</run_address>
         <size>0xc</size>
         <alignment>0x1</alignment>
         <input_file_ref idref="fl-2"/>
      </object_component>
      <object_component id="oc-249">
         <name>.text:SysCtl_isMCDClockFailureDetected</name>
         <load_address>0xa08a</load_address>
         <readonly>true</readonly>
         <executable>true</executable>
         <run_address>0xa08a</run_address>
         <size>0xb</size>
         <alignment>0x1</alignment>
         <input_file_ref idref="fl-1e"/>
      </object_component>
      <object_component id="oc-145">
         <name>.text:__relaxed_cosf</name>
         <load_address>0xa095</load_address>
         <readonly>true</readonly>
         <executable>true</executable>
         <run_address>0xa095</run_address>
         <size>0xb</size>
         <alignment>0x1</alignment>
         <input_file_ref idref="fl-5"/>
      </object_component>
      <object_component id="oc-13e">
         <name>.text:__relaxed_sinf</name>
         <load_address>0xa0a0</load_address>
         <readonly>true</readonly>
         <executable>true</executable>
         <run_address>0xa0a0</run_address>
         <size>0xb</size>
         <alignment>0x1</alignment>
         <input_file_ref idref="fl-5"/>
      </object_component>
      <object_component id="oc-239">
         <name>.text</name>
         <load_address>0xa0ab</load_address>
         <readonly>true</readonly>
         <executable>true</executable>
         <run_address>0xa0ab</run_address>
         <size>0xb</size>
         <alignment>0x1</alignment>
         <input_file_ref idref="fl-2d"/>
      </object_component>
      <object_component id="oc-44">
         <name>.text:Interrupt_illegalOperationHandler</name>
         <load_address>0xa0b6</load_address>
         <readonly>true</readonly>
         <executable>true</executable>
         <run_address>0xa0b6</run_address>
         <size>0xa</size>
         <alignment>0x1</alignment>
         <input_file_ref idref="fl-1d"/>
      </object_component>
      <object_component id="oc-4a">
         <name>.text:Interrupt_nmiHandler</name>
         <load_address>0xa0c0</load_address>
         <readonly>true</readonly>
         <executable>true</executable>
         <run_address>0xa0c0</run_address>
         <size>0xa</size>
         <alignment>0x1</alignment>
         <input_file_ref idref="fl-1d"/>
      </object_component>
      <object_component id="oc-495">
         <name>.text</name>
         <load_address>0xa0ca</load_address>
         <readonly>true</readonly>
         <executable>true</executable>
         <run_address>0xa0ca</run_address>
         <size>0x9</size>
         <alignment>0x1</alignment>
         <input_file_ref idref="fl-36"/>
      </object_component>
      <object_component id="oc-67">
         <name>.text</name>
         <load_address>0xa0d3</load_address>
         <readonly>true</readonly>
         <executable>true</executable>
         <run_address>0xa0d3</run_address>
         <size>0x8</size>
         <alignment>0x1</alignment>
         <input_file_ref idref="fl-7"/>
      </object_component>
      <object_component id="oc-299">
         <name>.text:ASysCtl_disableTemperatureSensor</name>
         <load_address>0xa0db</load_address>
         <readonly>true</readonly>
         <executable>true</executable>
         <run_address>0xa0db</run_address>
         <size>0x7</size>
         <alignment>0x1</alignment>
         <input_file_ref idref="fl-2"/>
      </object_component>
      <object_component id="oc-4a7">
         <name>.text:SysCtl_resetMCD</name>
         <load_address>0xa0e2</load_address>
         <readonly>true</readonly>
         <executable>true</executable>
         <run_address>0xa0e2</run_address>
         <size>0x7</size>
         <alignment>0x1</alignment>
         <input_file_ref idref="fl-1e"/>
      </object_component>
      <object_component id="oc-116">
         <name>.text:__error__</name>
         <load_address>0xa0e9</load_address>
         <readonly>true</readonly>
         <executable>true</executable>
         <run_address>0xa0e9</run_address>
         <size>0x7</size>
         <alignment>0x1</alignment>
         <input_file_ref idref="fl-6"/>
      </object_component>
      <object_component id="oc-102">
         <name>.text</name>
         <load_address>0xa0f0</load_address>
         <readonly>true</readonly>
         <executable>true</executable>
         <run_address>0xa0f0</run_address>
         <size>0x7</size>
         <alignment>0x1</alignment>
         <input_file_ref idref="fl-38"/>
      </object_component>
      <object_component id="oc-1d0">
         <name>.text:ASYSCTL_init</name>
         <load_address>0xa0f7</load_address>
         <readonly>true</readonly>
         <executable>true</executable>
         <run_address>0xa0f7</run_address>
         <size>0x6</size>
         <alignment>0x1</alignment>
         <input_file_ref idref="fl-2"/>
      </object_component>
      <object_component id="oc-91">
         <name>.text:Interrupt_clearACKGroup</name>
         <load_address>0xa0fd</load_address>
         <readonly>true</readonly>
         <executable>true</executable>
         <run_address>0xa0fd</run_address>
         <size>0x6</size>
         <alignment>0x1</alignment>
         <input_file_ref idref="fl-4"/>
      </object_component>
      <object_component id="oc-61">
         <name>.text:decompress:ZI</name>
         <load_address>0xa103</load_address>
         <readonly>true</readonly>
         <executable>true</executable>
         <run_address>0xa103</run_address>
         <size>0x6</size>
         <alignment>0x1</alignment>
         <input_file_ref idref="fl-32"/>
      </object_component>
      <object_component id="oc-1e8">
         <name>.text:GPIO_init</name>
         <load_address>0xa109</load_address>
         <readonly>true</readonly>
         <executable>true</executable>
         <run_address>0xa109</run_address>
         <size>0x5</size>
         <alignment>0x1</alignment>
         <input_file_ref idref="fl-2"/>
      </object_component>
      <object_component id="oc-1d6">
         <name>.text:ADC_init</name>
         <load_address>0xa10e</load_address>
         <readonly>true</readonly>
         <executable>true</executable>
         <run_address>0xa10e</run_address>
         <size>0x3</size>
         <alignment>0x1</alignment>
         <input_file_ref idref="fl-2"/>
      </object_component>
      <object_component id="oc-1dc">
         <name>.text:CAN_init</name>
         <load_address>0xa111</load_address>
         <readonly>true</readonly>
         <executable>true</executable>
         <run_address>0xa111</run_address>
         <size>0x3</size>
         <alignment>0x1</alignment>
         <input_file_ref idref="fl-2"/>
      </object_component>
      <object_component id="oc-20d">
         <name>.text</name>
         <load_address>0xa114</load_address>
         <readonly>true</readonly>
         <executable>true</executable>
         <run_address>0xa114</run_address>
         <size>0x2</size>
         <alignment>0x1</alignment>
         <input_file_ref idref="fl-30"/>
      </object_component>
      <object_component id="oc-e4">
         <name>.text:C2000Ware_libraries_init</name>
         <load_address>0xa116</load_address>
         <readonly>true</readonly>
         <executable>true</executable>
         <run_address>0xa116</run_address>
         <size>0x1</size>
         <alignment>0x1</alignment>
         <input_file_ref idref="fl-3"/>
      </object_component>
      <object_component id="oc-47b">
         <name>.text</name>
         <load_address>0xa117</load_address>
         <readonly>true</readonly>
         <executable>true</executable>
         <run_address>0xa117</run_address>
         <size>0x1</size>
         <alignment>0x1</alignment>
         <input_file_ref idref="fl-3b"/>
      </object_component>
      <object_component id="oc-54d">
         <name>.cinit..data.load</name>
         <load_address>0xfa</load_address>
         <readonly>true</readonly>
         <run_address>0xfa</run_address>
         <size>0xa</size>
         <alignment>0x1</alignment>
      </object_component>
      <object_component id="oc-549">
         <name>__TI_handler_table</name>
         <load_address>0x104</load_address>
         <readonly>true</readonly>
         <run_address>0x104</run_address>
         <size>0x6</size>
         <alignment>0x2</alignment>
      </object_component>
      <object_component id="oc-54b">
         <name>.cinit..bss.load</name>
         <load_address>0x10a</load_address>
         <readonly>true</readonly>
         <run_address>0x10a</run_address>
         <size>0x4</size>
         <alignment>0x2</alignment>
      </object_component>
      <object_component id="oc-54c">
         <name>.cinit..my_large_logs.load</name>
         <load_address>0x10e</load_address>
         <readonly>true</readonly>
         <run_address>0x10e</run_address>
         <size>0x4</size>
         <alignment>0x2</alignment>
      </object_component>
      <object_component id="oc-54a">
         <name>__TI_cinit_table</name>
         <load_address>0x112</load_address>
         <readonly>true</readonly>
         <run_address>0x112</run_address>
         <size>0xc</size>
         <alignment>0x2</alignment>
      </object_component>
      <object_component id="oc-50">
         <name>.stack</name>
         <uninitialized>true</uninitialized>
         <readwrite>true</readwrite>
         <run_address>0x400</run_address>
         <size>0x0</size>
         <alignment>0x1</alignment>
         <input_file_ref idref="fl-2a"/>
      </object_component>
      <object_component id="oc-54e">
         <name>.stack</name>
         <uninitialized>true</uninitialized>
         <readwrite>true</readwrite>
         <run_address>0x400</run_address>
         <size>0x0</size>
         <alignment>0x2</alignment>
      </object_component>
      <object_component id="oc-73">
         <name>.bss</name>
         <uninitialized>true</uninitialized>
         <readwrite>true</readwrite>
         <run_address>0xacc0</run_address>
         <size>0x198</size>
         <alignment>0x2</alignment>
         <input_file_ref idref="fl-4"/>
      </object_component>
      <object_component id="oc-88">
         <name>.my_large_logs</name>
         <uninitialized>true</uninitialized>
         <readwrite>true</readwrite>
         <run_address>0xc000</run_address>
         <size>0x3c0</size>
         <alignment>0x2</alignment>
         <input_file_ref idref="fl-4"/>
      </object_component>
      <object_component id="oc-3ed">
         <name>.const:.string</name>
         <load_address>0xa800</load_address>
         <readonly>true</readonly>
         <run_address>0xa800</run_address>
         <size>0xfc</size>
         <alignment>0x2</alignment>
         <input_file_ref idref="fl-2"/>
      </object_component>
      <object_component id="oc-248">
         <name>.const:.string</name>
         <load_address>0xa8fc</load_address>
         <readonly>true</readonly>
         <run_address>0xa8fc</run_address>
         <size>0x9a</size>
         <alignment>0x2</alignment>
         <input_file_ref idref="fl-1e"/>
      </object_component>
      <object_component id="oc-270">
         <name>.const:.string</name>
         <load_address>0xa996</load_address>
         <readonly>true</readonly>
         <run_address>0xa996</run_address>
         <size>0x98</size>
         <alignment>0x2</alignment>
         <input_file_ref idref="fl-1c"/>
      </object_component>
      <object_component id="oc-4e8">
         <name>.const:.string</name>
         <load_address>0xaa2e</load_address>
         <readonly>true</readonly>
         <run_address>0xaa2e</run_address>
         <size>0x97</size>
         <alignment>0x2</alignment>
         <input_file_ref idref="fl-1a"/>
      </object_component>
      <object_component id="oc-115">
         <name>.const:.string</name>
         <load_address>0xaac6</load_address>
         <readonly>true</readonly>
         <run_address>0xaac6</run_address>
         <size>0x7c</size>
         <alignment>0x2</alignment>
         <input_file_ref idref="fl-4"/>
      </object_component>
      <object_component id="oc-18f">
         <name>.const:.string</name>
         <load_address>0xab42</load_address>
         <readonly>true</readonly>
         <run_address>0xab42</run_address>
         <size>0x53</size>
         <alignment>0x2</alignment>
         <input_file_ref idref="fl-6"/>
      </object_component>
      <object_component id="oc-244">
         <name>.const:.string</name>
         <load_address>0xab96</load_address>
         <readonly>true</readonly>
         <run_address>0xab96</run_address>
         <size>0x51</size>
         <alignment>0x2</alignment>
         <input_file_ref idref="fl-1d"/>
      </object_component>
      <object_component id="oc-4c8">
         <name>.const:.string</name>
         <load_address>0xabe8</load_address>
         <readonly>true</readonly>
         <run_address>0xabe8</run_address>
         <size>0x4b</size>
         <alignment>0x2</alignment>
         <input_file_ref idref="fl-19"/>
      </object_component>
      <object_component id="oc-22e">
         <name>.const:.string</name>
         <load_address>0xac34</load_address>
         <readonly>true</readonly>
         <run_address>0xac34</run_address>
         <size>0x3e</size>
         <alignment>0x2</alignment>
         <input_file_ref idref="fl-f"/>
      </object_component>
      <object_component id="oc-223">
         <name>.const:.string</name>
         <load_address>0xac72</load_address>
         <readonly>true</readonly>
         <run_address>0xac72</run_address>
         <size>0x3d</size>
         <alignment>0x2</alignment>
         <input_file_ref idref="fl-d"/>
      </object_component>
      <object_component id="oc-97">
         <name>.data</name>
         <load_address>0xae6a</load_address>
         <readwrite>true</readwrite>
         <run_address>0xae6a</run_address>
         <size>0x2</size>
         <alignment>0x1</alignment>
         <input_file_ref idref="fl-4"/>
      </object_component>
      <object_component id="oc-135">
         <name>.data</name>
         <load_address>0xae58</load_address>
         <readwrite>true</readwrite>
         <run_address>0xae58</run_address>
         <size>0x8</size>
         <alignment>0x2</alignment>
         <input_file_ref idref="fl-c"/>
      </object_component>
      <object_component id="oc-372">
         <name>.data</name>
         <load_address>0xae60</load_address>
         <readwrite>true</readwrite>
         <run_address>0xae60</run_address>
         <size>0x6</size>
         <alignment>0x2</alignment>
         <input_file_ref idref="fl-35"/>
      </object_component>
      <object_component id="oc-375">
         <name>.data:_lock</name>
         <load_address>0xae66</load_address>
         <readwrite>true</readwrite>
         <run_address>0xae66</run_address>
         <size>0x2</size>
         <alignment>0x2</alignment>
         <input_file_ref idref="fl-36"/>
      </object_component>
      <object_component id="oc-504">
         <name>.data:_unlock</name>
         <load_address>0xae68</load_address>
         <readwrite>true</readwrite>
         <run_address>0xae68</run_address>
         <size>0x2</size>
         <alignment>0x2</alignment>
         <input_file_ref idref="fl-36"/>
      </object_component>
      <object_component id="oc-a7">
         <name>.debug_types</name>
         <load_address>0x0</load_address>
         <run_address>0x0</run_address>
         <size>0x2846</size>
         <alignment>0x0</alignment>
         <input_file_ref idref="fl-2"/>
      </object_component>
      <object_component id="oc-1fd">
         <name>.debug_types</name>
         <load_address>0x0</load_address>
         <run_address>0x0</run_address>
         <size>0x0</size>
         <alignment>0x0</alignment>
         <input_file_ref idref="fl-3"/>
      </object_component>
      <object_component id="oc-f1">
         <name>.debug_types</name>
         <load_address>0x2846</load_address>
         <run_address>0x2846</run_address>
         <size>0x181e</size>
         <alignment>0x0</alignment>
         <input_file_ref idref="fl-4"/>
      </object_component>
      <object_component id="oc-238">
         <name>.debug_types</name>
         <load_address>0x4064</load_address>
         <run_address>0x4064</run_address>
         <size>0xac</size>
         <alignment>0x0</alignment>
         <input_file_ref idref="fl-5"/>
      </object_component>
      <object_component id="oc-1bb">
         <name>.debug_types</name>
         <load_address>0x4110</load_address>
         <run_address>0x4110</run_address>
         <size>0x44a</size>
         <alignment>0x0</alignment>
         <input_file_ref idref="fl-6"/>
      </object_component>
      <object_component id="oc-1f7">
         <name>.debug_types</name>
         <load_address>0x0</load_address>
         <run_address>0x0</run_address>
         <size>0x0</size>
         <alignment>0x0</alignment>
         <input_file_ref idref="fl-a"/>
      </object_component>
      <object_component id="oc-237">
         <name>.debug_types</name>
         <load_address>0x0</load_address>
         <run_address>0x0</run_address>
         <size>0x0</size>
         <alignment>0x0</alignment>
         <input_file_ref idref="fl-b"/>
      </object_component>
      <object_component id="oc-153">
         <name>.debug_types</name>
         <load_address>0x0</load_address>
         <run_address>0x0</run_address>
         <size>0x0</size>
         <alignment>0x0</alignment>
         <input_file_ref idref="fl-c"/>
      </object_component>
      <object_component id="oc-126">
         <name>.debug_types</name>
         <load_address>0x0</load_address>
         <run_address>0x0</run_address>
         <size>0x0</size>
         <alignment>0x0</alignment>
         <input_file_ref idref="fl-d"/>
      </object_component>
      <object_component id="oc-134">
         <name>.debug_types</name>
         <load_address>0x0</load_address>
         <run_address>0x0</run_address>
         <size>0x0</size>
         <alignment>0x0</alignment>
         <input_file_ref idref="fl-f"/>
      </object_component>
      <object_component id="oc-4d0">
         <name>.debug_types</name>
         <load_address>0x455a</load_address>
         <run_address>0x455a</run_address>
         <size>0x151</size>
         <alignment>0x0</alignment>
         <input_file_ref idref="fl-19"/>
      </object_component>
      <object_component id="oc-4f0">
         <name>.debug_types</name>
         <load_address>0x46ab</load_address>
         <run_address>0x46ab</run_address>
         <size>0x1d4</size>
         <alignment>0x0</alignment>
         <input_file_ref idref="fl-1a"/>
      </object_component>
      <object_component id="oc-272">
         <name>.debug_types</name>
         <load_address>0x487f</load_address>
         <run_address>0x487f</run_address>
         <size>0x24d</size>
         <alignment>0x0</alignment>
         <input_file_ref idref="fl-1c"/>
      </object_component>
      <object_component id="oc-f4">
         <name>.debug_types</name>
         <load_address>0x0</load_address>
         <run_address>0x0</run_address>
[...]
         <unused_space>0x800</unused_space>
         <attributes>RWIX</attributes>
         <usage_details>
         </usage_details>
      </memory_area>
      <memory_area display="yes" color="green">
         <name>RAMGS0</name>
         <page_id>0x1</page_id>
         <origin>0xc000</origin>
         <length>0x2000</length>
         <used_space>0x3c0</used_space>
         <unused_space>0x1c40</unused_space>
         <attributes>RWIX</attributes>
         <usage_details>
            <allocated_space>
               <start_address>0xc000</start_address>
               <size>0x3c0</size>
               <logical_group_ref idref="lg-a"/>
            </allocated_space>
            <available_space>
               <start_address>0xc3c0</start_address>
               <size>0x1c40</size>
            </available_space>
         </usage_details>
      </memory_area>
      <memory_area display="yes" color="green">
         <name>RAMGS1</name>
         <page_id>0x1</page_id>
         <origin>0xe000</origin>
         <length>0x2000</length>
         <used_space>0x0</used_space>
         <unused_space>0x2000</unused_space>
         <attributes>RWIX</attributes>
         <usage_details>
         </usage_details>
      </memory_area>
      <memory_area display="yes" color="green">
         <name>RAMGS2</name>
         <page_id>0x1</page_id>
         <origin>0x10000</origin>
         <length>0x2000</length>
         <used_space>0x0</used_space>
         <unused_space>0x2000</unused_space>
         <attributes>RWIX</attributes>
         <usage_details>
         </usage_details>
      </memory_area>
      <memory_area display="yes" color="green">
         <name>RAMGS3</name>
         <page_id>0x1</page_id>
         <origin>0x12000</origin>
         <length>0x1ff8</length>
         <used_space>0x0</used_space>
         <unused_space>0x1ff8</unused_space>
         <attributes>RWIX</attributes>
         <usage_details>
         </usage_details>
      </memory_area>
   </placement_map>
   <cptbl_list>
      <cptbl>
         <name>__TI_cinit_table</name>
         <cprec>
            <name>.data</name>
            <load_address>0xfa</load_address>
            <load_size>0xa</load_size>
            <run_address>0xae58</run_address>
            <run_size>0x14</run_size>
            <compression>lzss</compression>
         </cprec>
         <cprec>
            <name>.bss</name>
            <load_address>0x10a</load_address>
            <load_size>0x4</load_size>
            <run_address>0xacc0</run_address>
            <run_size>0x198</run_size>
            <compression>zero_init</compression>
         </cprec>
         <cprec>
            <name>.my_large_logs</name>
            <load_address>0x10e</load_address>
            <load_size>0x4</load_size>
            <run_address>0xc000</run_address>
            <run_size>0x3c0</run_size>
            <compression>zero_init</compression>
         </cprec>
      </cptbl>
   </cptbl_list>
   <handler_table>
      <handler_table_name>__TI_handler_table</handler_table_name>
      <handler>
         <index>0x0</index>
         <name>__TI_zero_init</name>
      </handler>
      <handler>
         <index>0x1</index>
         <name>__TI_decompress_lzss</name>
      </handler>
      <handler>
         <index>0x2</index>
         <name>__TI_decompress_none</name>
      </handler>
   </handler_table>
   <symbol_table>
      <symbol id="sm-1">
         <name>__TI_CINIT_Base</name>
         <value>0x112</value>
      </symbol>
      <symbol id="sm-2">
         <name>__TI_CINIT_Limit</name>
         <value>0x11e</value>
      </symbol>
      <symbol id="sm-3">
         <name>__TI_CINIT_Warm</name>
         <value>0x11e</value>
      </symbol>
      <symbol id="sm-4">
         <name>__TI_Handler_Table_Base</name>
         <value>0x104</value>
      </symbol>
      <symbol id="sm-5">
         <name>__TI_Handler_Table_Limit</name>
         <value>0x10a</value>
      </symbol>
      <symbol id="sm-6">
         <name>__TI_STACK_SIZE</name>
         <value>0x3f8</value>
      </symbol>
      <symbol id="sm-7">
         <name>__TI_STACK_END</name>
         <value>0x7f8</value>
      </symbol>
      <symbol id="sm-8">
         <name>__c_args__</name>
         <value>0xffffffff</value>
      </symbol>
      <symbol id="sm-9">
         <name>__TI_pprof_out_hndl</name>
         <value>0xffffffff</value>
      </symbol>
      <symbol id="sm-a">
         <name>__TI_prof_data_start</name>
         <value>0xffffffff</value>
      </symbol>
      <symbol id="sm-b">
         <name>__TI_prof_data_size</name>
         <value>0xffffffff</value>
      </symbol>
      <symbol id="sm-220">
         <name>INTERRUPT_init</name>
         <value>0xa04a</value>
         <object_component_ref idref="oc-27"/>
      </symbol>
      <symbol id="sm-221">
         <name>PinMux_init</name>
         <value>0x8b55</value>
         <object_component_ref idref="oc-1c4"/>
      </symbol>
      <symbol id="sm-222">
         <name>Board_init</name>
         <value>0x9f57</value>
         <object_component_ref idref="oc-ba"/>
      </symbol>
      <symbol id="sm-223">
         <name>GPIO_init</name>
         <value>0xa109</value>
         <object_component_ref idref="oc-1e8"/>
      </symbol>
      <symbol id="sm-224">
         <name>DC_RELAY_DRIVE_init</name>
         <value>0x9ecc</value>
         <object_component_ref idref="oc-327"/>
      </symbol>
      <symbol id="sm-225">
         <name>ADC_init</name>
         <value>0xa10e</value>
         <object_component_ref idref="oc-1d6"/>
      </symbol>
      <symbol id="sm-226">
         <name>CAN_init</name>
         <value>0xa111</value>
         <object_component_ref idref="oc-1dc"/>
      </symbol>
      <symbol id="sm-227">
         <name>SYNC_init</name>
         <value>0x9b58</value>
         <object_component_ref idref="oc-1ca"/>
      </symbol>
      <symbol id="sm-228">
         <name>EPWM_init</name>
         <value>0x8000</value>
         <object_component_ref idref="oc-1e2"/>
      </symbol>
      <symbol id="sm-229">
         <name>CAN_COM_init</name>
         <value>0x94b1</value>
         <object_component_ref idref="oc-2ad"/>
      </symbol>
      <symbol id="sm-22a">
         <name>ASYSCTL_init</name>
         <value>0xa0f7</value>
         <object_component_ref idref="oc-1d0"/>
      </symbol>
      <symbol id="sm-22b">
         <name>AC_RELAY_DRIVE_init</name>
         <value>0x9e68</value>
         <object_component_ref idref="oc-32d"/>
      </symbol>
      <symbol id="sm-22c">
         <name>ADCA_CHANNELS_init</name>
         <value>0x8daa</value>
         <object_component_ref idref="oc-2a6"/>
      </symbol>
      <symbol id="sm-239">
         <name>C2000Ware_libraries_init</name>
         <value>0xa116</value>
         <object_component_ref idref="oc-e4"/>
      </symbol>
      <symbol id="sm-2a3">
         <name>grid_pll</name>
         <value>0xad80</value>
         <object_component_ref idref="oc-73"/>
      </symbol>
      <symbol id="sm-2a4">
         <name>log_index</name>
         <value>0xae6a</value>
         <object_component_ref idref="oc-97"/>
      </symbol>
      <symbol id="sm-2a5">
         <name>sin_theta_log</name>
         <value>0xc1e0</value>
         <object_component_ref idref="oc-88"/>
      </symbol>
      <symbol id="sm-2a6">
         <name>measured_values</name>
         <value>0xaccc</value>
         <object_component_ref idref="oc-73"/>
      </symbol>
      <symbol id="sm-2a7">
         <name>sys_manager</name>
         <value>0xacc6</value>
         <object_component_ref idref="oc-73"/>
      </symbol>
      <symbol id="sm-2a8">
         <name>theta_log</name>
         <value>0xc0f0</value>
         <object_component_ref idref="oc-88"/>
      </symbol>
      <symbol id="sm-2a9">
         <name>can_bus_tester</name>
         <value>0xacd8</value>
         <object_component_ref idref="oc-73"/>
      </symbol>
      <symbol id="sm-2aa">
         <name>pd_error_log</name>
         <value>0xc2d0</value>
         <object_component_ref idref="oc-88"/>
      </symbol>
      <symbol id="sm-2ab">
         <name>pll_decimation_counter</name>
         <value>0xae6b</value>
         <object_component_ref idref="oc-97"/>
      </symbol>
      <symbol id="sm-2ac">
         <name>INT_ADCA_CHANNELS_1_ISR</name>
         <value>0x8e42</value>
         <object_component_ref idref="oc-26"/>
      </symbol>
      <symbol id="sm-2ad">
         <name>dcdc_controller</name>
         <value>0xae00</value>
         <object_component_ref idref="oc-73"/>
      </symbol>
      <symbol id="sm-2ae">
         <name>main</name>
         <value>0x9660</value>
         <object_component_ref idref="oc-2e"/>
      </symbol>
      <symbol id="sm-2af">
         <name>pfc_controller</name>
         <value>0xad00</value>
         <object_component_ref idref="oc-73"/>
      </symbol>
      <symbol id="sm-2b0">
         <name>pwm_control</name>
         <value>0xacc0</value>
         <object_component_ref idref="oc-73"/>
      </symbol>
      <symbol id="sm-2b1">
         <name>adc_volt_log</name>
         <value>0xc000</value>
         <object_component_ref idref="oc-88"/>
      </symbol>
      <symbol id="sm-2c5">
         <name>__relaxed_sinf</name>
         <value>0xa0a0</value>
         <object_component_ref idref="oc-13e"/>
      </symbol>
      <symbol id="sm-2c6">
         <name>__relaxed_cosf</name>
         <value>0xa095</value>
         <object_component_ref idref="oc-145"/>
      </symbol>
      <symbol id="sm-31d">
         <name>Device_enableAllPeripherals</name>
         <value>0x899a</value>
         <object_component_ref idref="oc-19c"/>
      </symbol>
      <symbol id="sm-31e">
         <name>Device_initGPIO</name>
         <value>0xa000</value>
         <object_component_ref idref="oc-ae"/>
      </symbol>
      <symbol id="sm-31f">
         <name>Device_init</name>
         <value>0x92ee</value>
         <object_component_ref idref="oc-a8"/>
      </symbol>
      <symbol id="sm-320">
         <name>__error__</name>
         <value>0xa0e9</value>
         <object_component_ref idref="oc-116"/>
      </symbol>
      <symbol id="sm-32f">
         <name>code_start</name>
         <value>0x0</value>
         <object_component_ref idref="oc-21"/>
      </symbol>
      <symbol id="sm-33e">
         <name>PFC_Control_Init</name>
         <value>0x907a</value>
         <object_component_ref idref="oc-c6"/>
      </symbol>
      <symbol id="sm-36b">
         <name>pid_compute</name>
         <value>0x8800</value>
         <object_component_ref idref="oc-14c"/>
      </symbol>
      <symbol id="sm-36c">
         <name>pid_init</name>
         <value>0x9000</value>
         <object_component_ref idref="oc-1f0"/>
      </symbol>
      <symbol id="sm-36d">
         <name>pid_reset</name>
         <value>0x99f8</value>
         <object_component_ref idref="oc-138"/>
      </symbol>
      <symbol id="sm-39b">
         <name>SOGI_PLL_Update</name>
         <value>0x842f</value>
         <object_component_ref idref="oc-82"/>
      </symbol>
      <symbol id="sm-39c">
         <name>SOGI_PLL_Init</name>
         <value>0x86b6</value>
         <object_component_ref idref="oc-d2"/>
      </symbol>
      <symbol id="sm-3bb">
         <name>ADC_Test_Init</name>
         <value>0x97ff</value>
         <object_component_ref idref="oc-c0"/>
      </symbol>
      <symbol id="sm-3bc">
         <name>ADC_Test_Run</name>
         <value>0x8ed1</value>
         <object_component_ref idref="oc-76"/>
      </symbol>
      <symbol id="sm-3f2">
         <name>EPWM_Test_Init</name>
         <value>0xa03d</value>
         <object_component_ref idref="oc-cc"/>
      </symbol>
      <symbol id="sm-3f3">
         <name>EPWM_Test_Run</name>
         <value>0x9776</value>
         <object_component_ref idref="oc-7c"/>
      </symbol>
      <symbol id="sm-41f">
         <name>ADC_setOffsetTrimAll</name>
         <value>0x995e</value>
         <object_component_ref idref="oc-4c9"/>
      </symbol>
      <symbol id="sm-420">
         <name>ADC_setVREF</name>
         <value>0x93da</value>
         <object_component_ref idref="oc-3ef"/>
      </symbol>
      <symbol id="sm-46c">
         <name>CAN_setBitTiming</name>
         <value>0x91da</value>
         <object_component_ref idref="oc-43e"/>
      </symbol>
      <symbol id="sm-46d">
         <name>CAN_setupMessageObject</name>
         <value>0x8a7a</value>
         <object_component_ref idref="oc-44a"/>
      </symbol>
      <symbol id="sm-46e">
         <name>CAN_initModule</name>
         <value>0x9b92</value>
         <object_component_ref idref="oc-438"/>
      </symbol>
      <symbol id="sm-4bd">
         <name>GPIO_setQualificationMode</name>
         <value>0x9708</value>
         <object_component_ref idref="oc-27f"/>
      </symbol>
      <symbol id="sm-4be">
         <name>GPIO_setPadConfig</name>
         <value>0x929c</value>
         <object_component_ref idref="oc-1a8"/>
      </symbol>
      <symbol id="sm-4bf">
         <name>GPIO_setAnalogMode</name>
         <value>0x9626</value>
         <object_component_ref idref="oc-1b4"/>
      </symbol>
      <symbol id="sm-4c0">
         <name>GPIO_setDirectionMode</name>
         <value>0x97a9</value>
         <object_component_ref idref="oc-1ae"/>
      </symbol>
      <symbol id="sm-4c1">
         <name>GPIO_setPinConfig</name>
         <value>0x96d1</value>
         <object_component_ref idref="oc-279"/>
      </symbol>
      <symbol id="sm-4c2">
         <name>GPIO_setControllerCore</name>
         <value>0x969a</value>
         <object_component_ref idref="oc-470"/>
      </symbol>
      <symbol id="sm-53b">
         <name>Interrupt_defaultHandler</name>
         <value>0x9daa</value>
         <object_component_ref idref="oc-38"/>
      </symbol>
      <symbol id="sm-53c">
         <name>Interrupt_disable</name>
         <value>0x933f</value>
         <object_component_ref idref="oc-a0"/>
      </symbol>
      <symbol id="sm-53d">
         <name>Interrupt_initModule</name>
         <value>0x95af</value>
         <object_component_ref idref="oc-b4"/>
      </symbol>
      <symbol id="sm-53e">
         <name>Interrupt_nmiHandler</name>
         <value>0xa0c0</value>
         <object_component_ref idref="oc-4a"/>
      </symbol>
      <symbol id="sm-53f">
         <name>Interrupt_enable</name>
         <value>0x973f</value>
         <object_component_ref idref="oc-de"/>
      </symbol>
      <symbol id="sm-540">
         <name>Interrupt_initVectorTable</name>
         <value>0x9b3a</value>
         <object_component_ref idref="oc-3a"/>
      </symbol>
      <symbol id="sm-541">
         <name>Interrupt_illegalOperationHandler</name>
         <value>0xa0b6</value>
         <object_component_ref idref="oc-44"/>
      </symbol>
      <symbol id="sm-655">
         <name>SysCtl_isPLLValid</name>
         <value>0x8ced</value>
         <object_component_ref idref="oc-256"/>
      </symbol>
      <symbol id="sm-656">
         <name>SysCtl_delay</name>
         <value>0xf6</value>
         <object_component_ref idref="oc-255"/>
      </symbol>
      <symbol id="sm-657">
         <name>SysCtl_selectXTALSingleEnded</name>
         <value>0x97da</value>
         <object_component_ref idref="oc-389"/>
      </symbol>
      <symbol id="sm-658">
         <name>SysCtl_selectXTAL</name>
         <value>0x9531</value>
         <object_component_ref idref="oc-383"/>
      </symbol>
      <symbol id="sm-659">
         <name>SysCtl_selectOscSource</name>
         <value>0x938d</value>
         <object_component_ref idref="oc-24f"/>
      </symbol>
      <symbol id="sm-65a">
         <name>SysCtl_getLowSpeedClock</name>
         <value>0x9c36</value>
         <object_component_ref idref="oc-190"/>
      </symbol>
      <symbol id="sm-65b">
         <name>SysCtl_setClock</name>
         <value>0x8c25</value>
         <object_component_ref idref="oc-17d"/>
      </symbol>
      <symbol id="sm-65c">
         <name>SysCtl_getClock</name>
         <value>0x923e</value>
         <object_component_ref idref="oc-189"/>
      </symbol>
      <symbol id="sm-666">
         <name>_c_int00</name>
         <value>0x9d3b</value>
         <object_component_ref idref="oc-109"/>
      </symbol>
      <symbol id="sm-667">
         <name>__stack</name>
         <value>0x400</value>
         <object_component_ref idref="oc-50"/>
      </symbol>
      <symbol id="sm-671">
         <name>__c28xabi_modu</name>
         <value>0xa0b0</value>
         <object_component_ref idref="oc-239"/>
      </symbol>
      <symbol id="sm-672">
         <name>__c28xabi_divu</name>
         <value>0xa0ab</value>
         <object_component_ref idref="oc-239"/>
      </symbol>
      <symbol id="sm-681">
         <name>_system_pre_init</name>
         <value>0xa114</value>
         <object_component_ref idref="oc-20d"/>
      </symbol>
      <symbol id="sm-690">
         <name>__TI_auto_init_nobinit_nopinit</name>
         <value>0x98e1</value>
         <object_component_ref idref="oc-340"/>
      </symbol>
      <symbol id="sm-69d">
         <name>__TI_zero_init</name>
         <value>0xa103</value>
         <object_component_ref idref="oc-61"/>
      </symbol>
      <symbol id="sm-6aa">
         <name>__TI_decompress_none</name>
         <value>0x87f8</value>
         <object_component_ref idref="oc-1a"/>
      </symbol>
      <symbol id="sm-6be">
         <name>__TI_decompress_lzss</name>
         <value>0x985d</value>
         <object_component_ref idref="oc-14"/>
      </symbol>
      <symbol id="sm-6d4">
         <name>C$$EXIT</name>
         <value>0x9935</value>
         <object_component_ref idref="oc-21a"/>
      </symbol>
      <symbol id="sm-6d5">
         <name>abort</name>
         <value>0x9935</value>
         <object_component_ref idref="oc-21a"/>
      </symbol>
      <symbol id="sm-6d6">
         <name>exit</name>
         <value>0x9937</value>
         <object_component_ref idref="oc-21a"/>
      </symbol>
      <symbol id="sm-6d7">
         <name>__TI_dtors_ptr</name>
         <value>0xae64</value>
         <object_component_ref idref="oc-372"/>
      </symbol>
      <symbol id="sm-6d8">
         <name>__TI_cleanup_ptr</name>
         <value>0xae62</value>
         <object_component_ref idref="oc-372"/>
      </symbol>
      <symbol id="sm-6d9">
         <name>__TI_enable_exit_profile_output</name>
         <value>0xae60</value>
         <object_component_ref idref="oc-372"/>
      </symbol>
      <symbol id="sm-6f0">
         <name>_nop</name>
         <value>0xa0d2</value>
         <object_component_ref idref="oc-495"/>
      </symbol>
      <symbol id="sm-6f1">
         <name>_lock</name>
         <value>0xae66</value>
         <object_component_ref idref="oc-375"/>
      </symbol>
      <symbol id="sm-6f2">
         <name>_unlock</name>
         <value>0xae68</value>
         <object_component_ref idref="oc-504"/>
      </symbol>
      <symbol id="sm-6f3">
         <name>_register_lock</name>
         <value>0xa0ce</value>
         <object_component_ref idref="oc-495"/>
      </symbol>
      <symbol id="sm-6f4">
         <name>_register_unlock</name>
         <value>0xa0ca</value>
         <object_component_ref idref="oc-495"/>
      </symbol>
      <symbol id="sm-703">
         <name>_args_main</name>
         <value>0x9fa0</value>
         <object_component_ref idref="oc-214"/>
      </symbol>
      <symbol id="sm-712">
         <name>memset</name>
         <value>0xa0f0</value>
         <object_component_ref idref="oc-102"/>
      </symbol>
      <symbol id="sm-725">
         <name>memcpy</name>
         <value>0x9aa0</value>
         <object_component_ref idref="oc-53"/>
      </symbol>
      <symbol id="sm-732">
         <name>_system_post_cinit</name>
         <value>0xa117</value>
         <object_component_ref idref="oc-47b"/>
      </symbol>
   </symbol_table>
   <title>Link successful</title>
</link_info>
