******************************************************************************
             TMS320C2000 Linker PC v25.11.0                    
******************************************************************************
>> Linked Fri Aug  7 16:07:07 2026

OUTPUT FILE NAME:   <Charger_Firmware_v1.1.out>
ENTRY POINT SYMBOL: "code_start"  address: 00000000


MEMORY CONFIGURATION

         name            origin    length      used     unused   attr    fill
----------------------  --------  ---------  --------  --------  ----  --------
PAGE 0:
  BEGIN                 00000000   00000002  00000002  00000000  RWIX
  RAMM0                 000000f6   0000030a  00000028  000002e2  RWIX
  RAMLS0                00008000   00000800  00000800  00000000  RWIX
  RAMLS1                00008800   00000800  00000800  00000000  RWIX
  RAMLS2                00009000   00000800  00000800  00000000  RWIX
  RAMLS3                00009800   00000800  00000800  00000000  RWIX
  RAMLS4                0000a000   00000800  00000118  000006e8  RWIX
  FLASH_BANK0_SEC0      00080000   00001000  00000000  00001000  RWIX
  FLASH_BANK0_SEC1      00081000   00001000  00000000  00001000  RWIX
  FLASH_BANK0_SEC2      00082000   00001000  00000000  00001000  RWIX
  FLASH_BANK0_SEC3      00083000   00001000  00000000  00001000  RWIX
  FLASH_BANK0_SEC4      00084000   00001000  00000000  00001000  RWIX
  FLASH_BANK0_SEC5      00085000   00001000  00000000  00001000  RWIX
  FLASH_BANK0_SEC6      00086000   00001000  00000000  00001000  RWIX
  FLASH_BANK0_SEC7      00087000   00001000  00000000  00001000  RWIX
  FLASH_BANK0_SEC8      00088000   00001000  00000000  00001000  RWIX
  FLASH_BANK0_SEC9      00089000   00001000  00000000  00001000  RWIX
  FLASH_BANK0_SEC10     0008a000   00001000  00000000  00001000  RWIX
  FLASH_BANK0_SEC11     0008b000   00001000  00000000  00001000  RWIX
  FLASH_BANK0_SEC12     0008c000   00001000  00000000  00001000  RWIX
  FLASH_BANK0_SEC13     0008d000   00001000  00000000  00001000  RWIX
  FLASH_BANK0_SEC14     0008e000   00001000  00000000  00001000  RWIX
  FLASH_BANK0_SEC15     0008f000   00001000  00000000  00001000  RWIX
  FLASH_BANK1_SEC0      00090000   00001000  00000000  00001000  RWIX
  FLASH_BANK1_SEC1      00091000   00001000  00000000  00001000  RWIX
  FLASH_BANK1_SEC2      00092000   00001000  00000000  00001000  RWIX
  FLASH_BANK1_SEC3      00093000   00001000  00000000  00001000  RWIX
  FLASH_BANK1_SEC4      00094000   00001000  00000000  00001000  RWIX
  FLASH_BANK1_SEC5      00095000   00001000  00000000  00001000  RWIX
  FLASH_BANK1_SEC6      00096000   00001000  00000000  00001000  RWIX
  FLASH_BANK1_SEC7      00097000   00001000  00000000  00001000  RWIX
  FLASH_BANK1_SEC8      00098000   00001000  00000000  00001000  RWIX
  FLASH_BANK1_SEC9      00099000   00001000  00000000  00001000  RWIX
  FLASH_BANK1_SEC10     0009a000   00001000  00000000  00001000  RWIX
  FLASH_BANK1_SEC11     0009b000   00001000  00000000  00001000  RWIX
  FLASH_BANK1_SEC12     0009c000   00001000  00000000  00001000  RWIX
  FLASH_BANK1_SEC13     0009d000   00001000  00000000  00001000  RWIX
  FLASH_BANK1_SEC14     0009e000   00001000  00000000  00001000  RWIX
  FLASH_BANK1_SEC15     0009f000   00001000  00000000  00001000  RWIX
  RESET                 003fffc0   00000002  00000000  00000002  RWIX

PAGE 1:
  BOOT_RSVD             00000002   000000f1  00000000  000000f1  RWIX
  RAMM1                 00000400   000003f8  000003f8  00000000  RWIX
  RAMLS5                0000a800   00000800  0000065b  000001a5  RWIX
  RAMLS6                0000b000   00000800  00000000  00000800  RWIX
  RAMLS7                0000b800   00000800  00000000  00000800  RWIX
  RAMGS0                0000c000   00002000  000003c0  00001c40  RWIX
  RAMGS1                0000e000   00002000  00000000  00002000  RWIX
  RAMGS2                00010000   00002000  00000000  00002000  RWIX
  RAMGS3                00012000   00001ff8  00000000  00001ff8  RWIX


SECTION ALLOCATION MAP

 output                                  attributes/
section   page    origin      length       input sections
--------  ----  ----------  ----------   ----------------
codestart 
*          0    00000000    00000002     
                  00000000    00000002     f28004x_codestartbranch.obj (codestart)

.TI.ramfunc 
*          0    000000f6    00000004     
                  000000f6    00000004     driverlib_eabi.lib : sysctl.obj (.TI.ramfunc)

.cinit     0    000000fa    00000024     
                  000000fa    0000000a     (.cinit..data.load) [load image, compression = lzss]
                  00000104    00000006     (__TI_handler_table)
                  0000010a    00000004     (.cinit..bss.load) [load image, compression = zero_init]
                  0000010e    00000004     (.cinit..my_large_logs.load) [load image, compression = zero_init]
                  00000112    0000000c     (__TI_cinit_table)

.reset     0    003fffc0    00000000     DSECT

.stack     1    00000400    000003f8     UNINITIALIZED
                  00000400    000003f8     --HOLE--

.bss       1    0000acc0    00000198     UNINITIALIZED
                  0000acc0    00000198     main.obj (.bss)

.my_large_logs 
*          1    0000c000    000003c0     UNINITIALIZED
                  0000c000    000003c0     main.obj (.my_large_logs)

.init_array 
*          0    000000f6    00000000     UNINITIALIZED

.const     1    0000a800    000004af     
                  0000a800    000000fc     board.obj (.const:.string)
                  0000a8fc    0000009a     driverlib_eabi.lib : sysctl.obj (.const:.string)
                  0000a996    00000098                        : gpio.obj (.const:.string)
                  0000aa2e    00000097                        : can.obj (.const:.string)
                  0000aac5    00000001     --HOLE-- [fill = 0]
                  0000aac6    0000007c     main.obj (.const:.string)
                  0000ab42    00000053     device.obj (.const:.string)
                  0000ab95    00000001     --HOLE-- [fill = 0]
                  0000ab96    00000051     driverlib_eabi.lib : interrupt.obj (.const:.string)
                  0000abe7    00000001     --HOLE-- [fill = 0]
                  0000abe8    0000004b                        : adc.obj (.const:.string)
                  0000ac33    00000001     --HOLE-- [fill = 0]
                  0000ac34    0000003e     epwm_test.obj (.const:.string)
                  0000ac72    0000003d     adc_test.obj (.const:.string)

.data      1    0000ae58    00000014     UNINITIALIZED
                  0000ae58    00000008     sogi_pll.obj (.data)
                  0000ae60    00000006     rts2800_fpu32_eabi.lib : exit.c.obj (.data)
                  0000ae66    00000002                            : _lock.c.obj (.data:_lock)
                  0000ae68    00000002                            : _lock.c.obj (.data:_unlock)
                  0000ae6a    00000002     main.obj (.data)

.text.1    0    00008000    00000800     
                  00008000    0000042f     board.obj (.text:EPWM_init)
                  0000842f    00000287     sogi_pll.obj (.text:SOGI_PLL_Update)
                  000086b6    00000142     sogi_pll.obj (.text:SOGI_PLL_Init)
                  000087f8    00000008     rts2800_fpu32_eabi.lib : copy_decompress_none.c.obj (.text:decompress:none)

.text.2    0    00008800    00000800     
                  00008800    0000019a     pid.obj (.text:pid_compute)
                  0000899a    000000e0     device.obj (.text:Device_enableAllPeripherals)
                  00008a7a    000000db     driverlib_eabi.lib : can.obj (.text:CAN_setupMessageObject)
                  00008b55    000000d0     board.obj (.text:PinMux_init)
                  00008c25    000000c8     driverlib_eabi.lib : sysctl.obj (.text:SysCtl_setClock)
                  00008ced    000000bd                        : sysctl.obj (.text:SysCtl_isPLLValid)
                  00008daa    00000098     board.obj (.text:ADCA_CHANNELS_init)
                  00008e42    0000008f     main.obj (.text:INT_ADCA_CHANNELS_1_ISR)
                  00008ed1    0000008b     adc_test.obj (.text:ADC_Test_Run)
                  00008f5c    0000007f     driverlib_eabi.lib : interrupt.obj (.text:Interrupt_clearIFR)
                  00008fdb    00000025     main.obj (.text:GPIO_writePin)

.text.3    0    00009000    00000800     
                  00009000    0000007a     pid.obj (.text:pid_init)
                  0000907a    00000078     pfc_control.obj (.text:PFC_Control_Init)
                  000090f2    00000075     board.obj (.text:EPWM_setADCTriggerSource)
                  00009167    00000073     driverlib_eabi.lib : sysctl.obj (.text:DCC_setCounterSeeds)
                  000091da    00000064                        : can.obj (.text:CAN_setBitTiming)
                  0000923e    0000005e                        : sysctl.obj (.text:SysCtl_getClock)
                  0000929c    00000052                        : gpio.obj (.text:GPIO_setPadConfig)
                  000092ee    00000051     device.obj (.text:Device_init)
                  0000933f    0000004e     driverlib_eabi.lib : interrupt.obj (.text:Interrupt_disable)
                  0000938d    0000004d                        : sysctl.obj (.text:SysCtl_selectOscSource)
                  000093da    0000004c                        : adc.obj (.text:ADC_setVREF)
                  00009426    00000046     board.obj (.text:ADC_setupSOC)
                  0000946c    00000045     driverlib_eabi.lib : sysctl.obj (.text:SysCtl_pollX1Counter)
                  000094b1    00000040     board.obj (.text:CAN_COM_init)
                  000094f1    00000040     board.obj (.text:EPWM_setActionQualifierAction)
                  00009531    00000040     driverlib_eabi.lib : sysctl.obj (.text:SysCtl_selectXTAL)
                  00009571    0000003e     board.obj (.text:EPWM_setCounterCompareShadowLoadMode)
                  000095af    0000003d     driverlib_eabi.lib : interrupt.obj (.text:Interrupt_initModule)
                  000095ec    0000003a     board.obj (.text:EPWM_setADCTriggerEventPrescale)
                  00009626    0000003a     driverlib_eabi.lib : gpio.obj (.text:GPIO_setAnalogMode)
                  00009660    0000003a     main.obj (.text:main)
                  0000969a    00000037     driverlib_eabi.lib : gpio.obj (.text:GPIO_setControllerCore)
                  000096d1    00000037                        : gpio.obj (.text:GPIO_setPinConfig)
                  00009708    00000037                        : gpio.obj (.text:GPIO_setQualificationMode)
                  0000973f    00000037                        : interrupt.obj (.text:Interrupt_enable)
                  00009776    00000033     epwm_test.obj (.text:EPWM_Test_Run)
                  000097a9    00000031     driverlib_eabi.lib : gpio.obj (.text:GPIO_setDirectionMode)
                  000097da    00000025                        : sysctl.obj (.text:SysCtl_selectXTALSingleEnded)
                  000097ff    00000001     adc_test.obj (.text:ADC_Test_Init)

.text.4    0    00009800    00000800     
                  00009800    0000002f     board.obj (.text:ADC_setInterruptSource)
                  0000982f    0000002e     board.obj (.text:ADC_setInterruptSOCTrigger)
                  0000985d    0000002e     rts2800_fpu32_eabi.lib : copy_decompress_lzss.c.obj (.text:decompress:lzss)
                  0000988b    0000002b     board.obj (.text:EPWM_isBaseValid)
                  000098b6    0000002b     epwm_test.obj (.text:EPWM_isBaseValid)
                  000098e1    0000002b     rts2800_fpu32_eabi.lib : autoinit.c.obj (.text:__TI_auto_init_nobinit_nopinit)
                  0000990c    00000029     board.obj (.text:CAN_enableTestMode)
                  00009935    00000029     rts2800_fpu32_eabi.lib : exit.c.obj (.text)
                  0000995e    00000028     driverlib_eabi.lib : adc.obj (.text:ADC_setOffsetTrimAll)
                  00009986    00000027     board.obj (.text:EPWM_setSyncOutPulseMode)
                  000099ad    00000027     board.obj (.text:SysCtl_setSyncInputConfig)
                  000099d4    00000024     driverlib_eabi.lib : sysctl.obj (.text:DCC_enableSingleShotMode)
                  000099f8    00000023     pid.obj (.text:pid_reset)
                  00009a1b    00000022     board.obj (.text:EPWM_setCounterCompareValue)
                  00009a3d    00000022     epwm_test.obj (.text:EPWM_setCounterCompareValue)
                  00009a5f    00000021     board.obj (.text:ADC_disableContinuousMode)
                  00009a80    00000020     board.obj (.text:ADC_enableInterrupt)
                  00009aa0    00000020     rts2800_fpu32_eabi.lib : memcpy.c.obj (.text)
                  00009ac0    0000001f     board.obj (.text:EPWM_setFallingEdgeDelayCountShadowLoadMode)
                  00009adf    0000001f     board.obj (.text:EPWM_setRisingEdgeDelayCountShadowLoadMode)
                  00009afe    0000001e     driverlib_eabi.lib : sysctl.obj (.text:DCC_setCounter1ClkSource)
                  00009b1c    0000001e     board.obj (.text:EPWM_setPhaseShift)
                  00009b3a    0000001e     driverlib_eabi.lib : interrupt.obj (.text:Interrupt_initVectorTable)
                  00009b58    0000001e     board.obj (.text:SYNC_init)
                  00009b76    0000001c     board.obj (.text:ADC_setSOCPriority)
                  00009b92    0000001c     driverlib_eabi.lib : can.obj (.text:CAN_initModule)
                  00009bae    0000001c                        : sysctl.obj (.text:DCC_setCounter0ClkSource)
                  00009bca    0000001c     board.obj (.text:EPWM_enableADCTrigger)
                  00009be6    0000001c     board.obj (.text:EPWM_setClockPrescaler)
                  00009c02    0000001a     adc_test.obj (.text:ADC_readResult)
                  00009c1c    0000001a     driverlib_eabi.lib : can.obj (.text:CAN_initRAM)
                  00009c36    0000001a                        : sysctl.obj (.text:SysCtl_getLowSpeedClock)
                  00009c50    00000019     board.obj (.text:EPWM_setCountModeAfterSync)
                  00009c69    00000018     board.obj (.text:ASysCtl_setAnalogReferenceExternal)
                  00009c81    00000018     board.obj (.text:EPWM_disableFallingEdgeDelayCountShadowLoadMode)
                  00009c99    00000018     board.obj (.text:EPWM_disableRisingEdgeDelayCountShadowLoadMode)
                  00009cb1    00000017     board.obj (.text:ADC_isBaseValid)
                  00009cc8    00000017     driverlib_eabi.lib : adc.obj (.text:ADC_isBaseValid)
                  00009cdf    00000017     main.obj (.text:ADC_isBaseValid)
                  00009cf6    00000017     device.obj (.text:SysCtl_enablePeripheral)
                  00009d0d    00000017     driverlib_eabi.lib : sysctl.obj (.text:SysCtl_enablePeripheral)
                  00009d24    00000017     main.obj (.text:SysCtl_enablePeripheral)
                  00009d3b    00000017     rts2800_fpu32_eabi.lib : boot28.asm.obj (.text)
                  00009d52    00000016     board.obj (.text:ADC_setInterruptPulseMode)
                  00009d68    00000016     board.obj (.text:ADC_setPrescaler)
                  00009d7e    00000016     driverlib_eabi.lib : sysctl.obj (.text:DCC_disableDoneSignal)
                  00009d94    00000016                        : sysctl.obj (.text:DCC_enableDoneSignal)
                  00009daa    00000016                        : interrupt.obj (.text:Interrupt_defaultHandler)
                  00009dc0    00000015     board.obj (.text:ADC_disableBurstMode)
                  00009dd5    00000015     board.obj (.text:CAN_isBaseValid)
                  00009dea    00000015     driverlib_eabi.lib : can.obj (.text:CAN_isBaseValid)
                  00009dff    00000015                        : sysctl.obj (.text:DCC_clearDoneFlag)
                  00009e14    00000015                        : sysctl.obj (.text:DCC_clearErrorFlag)
                  00009e29    00000015                        : sysctl.obj (.text:DCC_disableErrorSignal)
                  00009e3e    00000015                        : sysctl.obj (.text:DCC_enableErrorSignal)
                  00009e53    00000015     device.obj (.text:GPIO_unlockPortConfig)
                  00009e68    00000014     board.obj (.text:AC_RELAY_DRIVE_init)
                  00009e7c    00000014     board.obj (.text:ADC_clearInterruptStatus)
                  00009e90    00000014     main.obj (.text:ADC_clearInterruptStatus)
                  00009ea4    00000014     driverlib_eabi.lib : sysctl.obj (.text:DCC_disableModule)
                  00009eb8    00000014                        : sysctl.obj (.text:DCC_enableModule)
                  00009ecc    00000014     board.obj (.text:DC_RELAY_DRIVE_init)
                  00009ee0    00000014     board.obj (.text:EPWM_setTimeBaseCounterMode)
                  00009ef4    00000014     board.obj (.text:EPWM_setTimeBasePeriod)
                  00009f08    00000014     driverlib_eabi.lib : gpio.obj (.text:GPIO_isPinValid)
                  00009f1c    00000014     main.obj (.text:GPIO_isPinValid)
                  00009f30    00000014     device.obj (.text:SysCtl_deviceCal)
                  00009f44    00000013     board.obj (.text:ADC_enableConverter)
                  00009f57    00000013     board.obj (.text:Board_init)
                  00009f6a    00000012     epwm_test.obj (.text:EPWM_getTimeBasePeriod)
                  00009f7c    00000012     board.obj (.text:EPWM_setTimeBaseCounter)
                  00009f8e    00000012     board.obj (.text:SysCtl_setSyncOutputConfig)
                  00009fa0    00000012     rts2800_fpu32_eabi.lib : args_main.c.obj (.text)
                  00009fb2    00000011     board.obj (.text:CAN_startModule)
                  00009fc3    00000011     board.obj (.text:EPWM_disablePhaseShiftLoad)
                  00009fd4    00000011     board.obj (.text:EPWM_enablePhaseShiftLoad)
                  00009fe5    00000010     driverlib_eabi.lib : sysctl.obj (.text:DCC_isBaseValid)
                  00009ff5    0000000b     device.obj (.text:SysCtl_disableWatchdog)

.text.5    0    0000a000    00000118     
                  0000a000    00000010     device.obj (.text:Device_initGPIO)
                  0000a010    0000000f     device.obj (.text:ASysCtl_disableDCDC)
                  0000a01f    0000000f     board.obj (.text:Interrupt_register)
                  0000a02e    0000000f     main.obj (.text:Interrupt_register)
                  0000a03d    0000000d     epwm_test.obj (.text:EPWM_Test_Init)
                  0000a04a    0000000d     board.obj (.text:INTERRUPT_init)
                  0000a057    0000000d     driverlib_eabi.lib : interrupt.obj (.text:Interrupt_disableGlobal)
                  0000a064    0000000d                        : interrupt.obj (.text:Interrupt_enableGlobal)
                  0000a071    0000000d     device.obj (.text:SysCtl_setLowSpeedClock)
                  0000a07e    0000000c     board.obj (.text:SysCtl_enableExtADCSOCSource)
                  0000a08a    0000000b     driverlib_eabi.lib : sysctl.obj (.text:SysCtl_isMCDClockFailureDetected)
                  0000a095    0000000b     dcdc_control.obj (.text:__relaxed_cosf)
                  0000a0a0    0000000b     dcdc_control.obj (.text:__relaxed_sinf)
                  0000a0ab    0000000b     rts2800_fpu32_eabi.lib : u_div28.asm.obj (.text)
                  0000a0b6    0000000a     driverlib_eabi.lib : interrupt.obj (.text:Interrupt_illegalOperationHandler)
                  0000a0c0    0000000a                        : interrupt.obj (.text:Interrupt_nmiHandler)
                  0000a0ca    00000009     rts2800_fpu32_eabi.lib : _lock.c.obj (.text)
                  0000a0d3    00000008     f28004x_codestartbranch.obj (.text)
                  0000a0db    00000007     board.obj (.text:ASysCtl_disableTemperatureSensor)
                  0000a0e2    00000007     driverlib_eabi.lib : sysctl.obj (.text:SysCtl_resetMCD)
                  0000a0e9    00000007     device.obj (.text:__error__)
                  0000a0f0    00000007     rts2800_fpu32_eabi.lib : memset.c.obj (.text)
                  0000a0f7    00000006     board.obj (.text:ASYSCTL_init)
                  0000a0fd    00000006     main.obj (.text:Interrupt_clearACKGroup)
                  0000a103    00000006     rts2800_fpu32_eabi.lib : copy_zero_init.c.obj (.text:decompress:ZI)
                  0000a109    00000005     board.obj (.text:GPIO_init)
                  0000a10e    00000003     board.obj (.text:ADC_init)
                  0000a111    00000003     board.obj (.text:CAN_init)
                  0000a114    00000002     rts2800_fpu32_eabi.lib : pre_init.c.obj (.text)
                  0000a116    00000001     c2000ware_libraries.obj (.text:C2000Ware_libraries_init)
                  0000a117    00000001     rts2800_fpu32_eabi.lib : startup.c.obj (.text)

MODULE SUMMARY

       Module                        code   ro data   rw data
       ------                        ----   -------   -------
    .\
       main.obj                      345    124       1370   
    +--+-----------------------------+------+---------+---------+
       Total:                        345    124       1370   
                                                             
    .\dcdc-control\
       dcdc_control.obj              22     0         0      
    +--+-----------------------------+------+---------+---------+
       Total:                        22     0         0      
                                                             
    .\device\
       device.obj                    431    83        0      
       f28004x_codestartbranch.obj   10     0         0      
    +--+-----------------------------+------+---------+---------+
       Total:                        441    83        0      
                                                             
    .\pfc-control\
       pfc_control.obj               120    0         0      
    +--+-----------------------------+------+---------+---------+
       Total:                        120    0         0      
                                                             
    .\pid\
       pid.obj                       567    0         0      
    +--+-----------------------------+------+---------+---------+
       Total:                        567    0         0      
                                                             
    .\sogi-pll\
       sogi_pll.obj                  969    0         8      
    +--+-----------------------------+------+---------+---------+
       Total:                        969    0         8      
                                                             
    .\syscfg\
       board.obj                     2921   252       0      
       c2000ware_libraries.obj       1      0         0      
    +--+-----------------------------+------+---------+---------+
       Total:                        2922   252       0      
                                                             
    .\tests\adc_test\
       adc_test.obj                  166    61        0      
    +--+-----------------------------+------+---------+---------+
       Total:                        166    61        0      
                                                             
    .\tests\epwm_test\
       epwm_test.obj                 159    62        0      
    +--+-----------------------------+------+---------+---------+
       Total:                        159    62        0      
                                                             
    C:\ti\C2000Ware_5_04_00_00\driverlib\f28004x\driverlib\ccs\Debug\driverlib_eabi.lib
       sysctl.obj                    1194   154       0      
       can.obj                       394    151       0      
       gpio.obj                      374    152       0      
       interrupt.obj                 419    81        0      
       adc.obj                       139    75        0      
    +--+-----------------------------+------+---------+---------+
       Total:                        2520   613       0      
                                                             
    C:\ti\ccs2051\ccs\tools\compiler\ti-cgt-c2000_25.11.0.LTS\lib\rts2800_fpu32_eabi.lib
       exit.c.obj                    41     0         6      
       copy_decompress_lzss.c.obj    46     0         0      
       autoinit.c.obj                43     0         0      
       memcpy.c.obj                  32     0         0      
       boot28.asm.obj                23     0         0      
       args_main.c.obj               18     0         0      
       _lock.c.obj                   9      0         4      
       u_div28.asm.obj               11     0         0      
       copy_decompress_none.c.obj    8      0         0      
       memset.c.obj                  7      0         0      
       copy_zero_init.c.obj          6      0         0      
       pre_init.c.obj                2      0         0      
       startup.c.obj                 1      0         0      
    +--+-----------------------------+------+---------+---------+
       Total:                        247    0         10     
                                                             
       Stack:                        0      0         1016   
       Linker Generated:             0      36        0      
    +--+-----------------------------+------+---------+---------+
       Grand Total:                  8478   1231      2404   


LINKER GENERATED COPY TABLES

__TI_cinit_table @ 00000112 records: 3, size/record: 4, table size: 12
	.data: load addr=000000fa, load size=0000000a bytes, run addr=0000ae58, run size=00000014 bytes, compression=lzss
	.bss: load addr=0000010a, load size=00000004 bytes, run addr=0000acc0, run size=00000198 bytes, compression=zero_init
	.my_large_logs: load addr=0000010e, load size=00000004 bytes, run addr=0000c000, run size=000003c0 bytes, compression=zero_init


LINKER GENERATED HANDLER TABLE

__TI_handler_table @ 00000104 records: 3, size/record: 2, table size: 6
	index: 0, handler: __TI_zero_init
	index: 1, handler: __TI_decompress_lzss
	index: 2, handler: __TI_decompress_none


GLOBAL DATA SYMBOLS: SORTED BY DATA PAGE

address     data page           name
--------    ----------------    ----
00000400      10 (00000400)     __stack

0000acc0     2b3 (0000acc0)     pwm_control
0000acc6     2b3 (0000acc0)     sys_manager
0000accc     2b3 (0000acc0)     measured_values
0000acd8     2b3 (0000acc0)     can_bus_tester

0000ad00     2b4 (0000ad00)     pfc_controller

0000ad80     2b6 (0000ad80)     grid_pll

0000ae00     2b8 (0000ae00)     dcdc_controller

0000ae60     2b9 (0000ae40)     __TI_enable_exit_profile_output
0000ae62     2b9 (0000ae40)     __TI_cleanup_ptr
0000ae64     2b9 (0000ae40)     __TI_dtors_ptr
0000ae66     2b9 (0000ae40)     _lock
0000ae68     2b9 (0000ae40)     _unlock
0000ae6a     2b9 (0000ae40)     log_index
0000ae6b     2b9 (0000ae40)     pll_decimation_counter

0000c000     300 (0000c000)     adc_volt_log

0000c0f0     303 (0000c0c0)     theta_log

0000c1e0     307 (0000c1c0)     sin_theta_log

0000c2d0     30b (0000c2c0)     pd_error_log


GLOBAL SYMBOLS: SORTED ALPHABETICALLY BY Name 

page  address   name                             
----  -------   ----                             
0     00009e68  AC_RELAY_DRIVE_init              
0     00008daa  ADCA_CHANNELS_init               
0     000097ff  ADC_Test_Init                    
0     00008ed1  ADC_Test_Run                     
0     0000a10e  ADC_init                         
0     0000995e  ADC_setOffsetTrimAll             
0     000093da  ADC_setVREF                      
0     0000a0f7  ASYSCTL_init                     
0     00009f57  Board_init                       
0     00009935  C$$EXIT                          
0     0000a116  C2000Ware_libraries_init         
0     000094b1  CAN_COM_init                     
0     0000a111  CAN_init                         
0     00009b92  CAN_initModule                   
0     000091da  CAN_setBitTiming                 
0     00008a7a  CAN_setupMessageObject           
0     00009ecc  DC_RELAY_DRIVE_init              
0     0000899a  Device_enableAllPeripherals      
0     000092ee  Device_init                      
0     0000a000  Device_initGPIO                  
0     0000a03d  EPWM_Test_Init                   
0     00009776  EPWM_Test_Run                    
0     00008000  EPWM_init                        
0     0000a109  GPIO_init                        
0     00009626  GPIO_setAnalogMode               
0     0000969a  GPIO_setControllerCore           
0     000097a9  GPIO_setDirectionMode            
0     0000929c  GPIO_setPadConfig                
0     000096d1  GPIO_setPinConfig                
0     00009708  GPIO_setQualificationMode        
0     0000a04a  INTERRUPT_init                   
0     00008e42  INT_ADCA_CHANNELS_1_ISR          
0     00009daa  Interrupt_defaultHandler         
0     0000933f  Interrupt_disable                
0     0000973f  Interrupt_enable                 
0     0000a0b6  Interrupt_illegalOperationHandler
0     000095af  Interrupt_initModule             
0     00009b3a  Interrupt_initVectorTable        
0     0000a0c0  Interrupt_nmiHandler             
0     0000907a  PFC_Control_Init                 
0     00008b55  PinMux_init                      
0     000086b6  SOGI_PLL_Init                    
0     0000842f  SOGI_PLL_Update                  
0     00009b58  SYNC_init                        
0     000000f6  SysCtl_delay                     
0     0000923e  SysCtl_getClock                  
0     00009c36  SysCtl_getLowSpeedClock          
0     00008ced  SysCtl_isPLLValid                
0     0000938d  SysCtl_selectOscSource           
0     00009531  SysCtl_selectXTAL                
0     000097da  SysCtl_selectXTALSingleEnded     
0     00008c25  SysCtl_setClock                  
0     00000112  __TI_CINIT_Base                  
0     0000011e  __TI_CINIT_Limit                 
0     0000011e  __TI_CINIT_Warm                  
0     00000104  __TI_Handler_Table_Base          
0     0000010a  __TI_Handler_Table_Limit         
1     000007f8  __TI_STACK_END                   
abs   000003f8  __TI_STACK_SIZE                  
0     000098e1  __TI_auto_init_nobinit_nopinit   
1     0000ae62  __TI_cleanup_ptr                 
0     0000985d  __TI_decompress_lzss             
0     000087f8  __TI_decompress_none             
1     0000ae64  __TI_dtors_ptr                   
1     0000ae60  __TI_enable_exit_profile_output  
abs   ffffffff  __TI_pprof_out_hndl              
abs   ffffffff  __TI_prof_data_size              
abs   ffffffff  __TI_prof_data_start             
0     0000a103  __TI_zero_init                   
0     0000a0ab  __c28xabi_divu                   
0     0000a0b0  __c28xabi_modu                   
abs   ffffffff  __c_args__                       
0     0000a0e9  __error__                        
0     0000a095  __relaxed_cosf                   
0     0000a0a0  __relaxed_sinf                   
1     00000400  __stack                          
0     00009fa0  _args_main                       
0     00009d3b  _c_int00                         
1     0000ae66  _lock                            
0     0000a0d2  _nop                             
0     0000a0ce  _register_lock                   
0     0000a0ca  _register_unlock                 
0     0000a117  _system_post_cinit               
0     0000a114  _system_pre_init                 
1     0000ae68  _unlock                          
0     00009935  abort                            
1     0000c000  adc_volt_log                     
1     0000acd8  can_bus_tester                   
0     00000000  code_start                       
1     0000ae00  dcdc_controller                  
0     00009937  exit                             
1     0000ad80  grid_pll                         
1     0000ae6a  log_index                        
0     00009660  main                             
1     0000accc  measured_values                  
0     00009aa0  memcpy                           
0     0000a0f0  memset                           
1     0000c2d0  pd_error_log                     
1     0000ad00  pfc_controller                   
0     00008800  pid_compute                      
0     00009000  pid_init                         
0     000099f8  pid_reset                        
1     0000ae6b  pll_decimation_counter           
1     0000acc0  pwm_control                      
1     0000c1e0  sin_theta_log                    
1     0000acc6  sys_manager                      
1     0000c0f0  theta_log                        


GLOBAL SYMBOLS: SORTED BY Symbol Address 

page  address   name                             
----  -------   ----                             
0     00000000  code_start                       
0     000000f6  SysCtl_delay                     
0     00000104  __TI_Handler_Table_Base          
0     0000010a  __TI_Handler_Table_Limit         
0     00000112  __TI_CINIT_Base                  
0     0000011e  __TI_CINIT_Limit                 
0     0000011e  __TI_CINIT_Warm                  
0     00008000  EPWM_init                        
0     0000842f  SOGI_PLL_Update                  
0     000086b6  SOGI_PLL_Init                    
0     000087f8  __TI_decompress_none             
0     00008800  pid_compute                      
0     0000899a  Device_enableAllPeripherals      
0     00008a7a  CAN_setupMessageObject           
0     00008b55  PinMux_init                      
0     00008c25  SysCtl_setClock                  
0     00008ced  SysCtl_isPLLValid                
0     00008daa  ADCA_CHANNELS_init               
0     00008e42  INT_ADCA_CHANNELS_1_ISR          
0     00008ed1  ADC_Test_Run                     
0     00009000  pid_init                         
0     0000907a  PFC_Control_Init                 
0     000091da  CAN_setBitTiming                 
0     0000923e  SysCtl_getClock                  
0     0000929c  GPIO_setPadConfig                
0     000092ee  Device_init                      
0     0000933f  Interrupt_disable                
0     0000938d  SysCtl_selectOscSource           
0     000093da  ADC_setVREF                      
0     000094b1  CAN_COM_init                     
0     00009531  SysCtl_selectXTAL                
0     000095af  Interrupt_initModule             
0     00009626  GPIO_setAnalogMode               
0     00009660  main                             
0     0000969a  GPIO_setControllerCore           
0     000096d1  GPIO_setPinConfig                
0     00009708  GPIO_setQualificationMode        
0     0000973f  Interrupt_enable                 
0     00009776  EPWM_Test_Run                    
0     000097a9  GPIO_setDirectionMode            
0     000097da  SysCtl_selectXTALSingleEnded     
0     000097ff  ADC_Test_Init                    
0     0000985d  __TI_decompress_lzss             
0     000098e1  __TI_auto_init_nobinit_nopinit   
0     00009935  C$$EXIT                          
0     00009935  abort                            
0     00009937  exit                             
0     0000995e  ADC_setOffsetTrimAll             
0     000099f8  pid_reset                        
0     00009aa0  memcpy                           
0     00009b3a  Interrupt_initVectorTable        
0     00009b58  SYNC_init                        
0     00009b92  CAN_initModule                   
0     00009c36  SysCtl_getLowSpeedClock          
0     00009d3b  _c_int00                         
0     00009daa  Interrupt_defaultHandler         
0     00009e68  AC_RELAY_DRIVE_init              
0     00009ecc  DC_RELAY_DRIVE_init              
0     00009f57  Board_init                       
0     00009fa0  _args_main                       
0     0000a000  Device_initGPIO                  
0     0000a03d  EPWM_Test_Init                   
0     0000a04a  INTERRUPT_init                   
0     0000a095  __relaxed_cosf                   
0     0000a0a0  __relaxed_sinf                   
0     0000a0ab  __c28xabi_divu                   
0     0000a0b0  __c28xabi_modu                   
0     0000a0b6  Interrupt_illegalOperationHandler
0     0000a0c0  Interrupt_nmiHandler             
0     0000a0ca  _register_unlock                 
0     0000a0ce  _register_lock                   
0     0000a0d2  _nop                             
0     0000a0e9  __error__                        
0     0000a0f0  memset                           
0     0000a0f7  ASYSCTL_init                     
0     0000a103  __TI_zero_init                   
0     0000a109  GPIO_init                        
0     0000a10e  ADC_init                         
0     0000a111  CAN_init                         
0     0000a114  _system_pre_init                 
0     0000a116  C2000Ware_libraries_init         
0     0000a117  _system_post_cinit               
1     00000400  __stack                          
1     000007f8  __TI_STACK_END                   
1     0000acc0  pwm_control                      
1     0000acc6  sys_manager                      
1     0000accc  measured_values                  
1     0000acd8  can_bus_tester                   
1     0000ad00  pfc_controller                   
1     0000ad80  grid_pll                         
1     0000ae00  dcdc_controller                  
1     0000ae60  __TI_enable_exit_profile_output  
1     0000ae62  __TI_cleanup_ptr                 
1     0000ae64  __TI_dtors_ptr                   
1     0000ae66  _lock                            
1     0000ae68  _unlock                          
1     0000ae6a  log_index                        
1     0000ae6b  pll_decimation_counter           
1     0000c000  adc_volt_log                     
1     0000c0f0  theta_log                        
1     0000c1e0  sin_theta_log                    
1     0000c2d0  pd_error_log                     
abs   000003f8  __TI_STACK_SIZE                  
abs   ffffffff  __TI_pprof_out_hndl              
abs   ffffffff  __TI_prof_data_size              
abs   ffffffff  __TI_prof_data_start             
abs   ffffffff  __c_args__                       

[107 symbols]
